"../../../Engine/Plugins/2D/Paper2D/Content/PlaceholderTextures/DummySpriteTexture.uasset" 0
"../../../Engine/Plugins/2D/Paper2D/Content/PlaceholderTextures/DummySpriteTexture.ubulk" 1
"../../../Engine/Plugins/2D/Paper2D/Content/PlaceholderTextures/DummySpriteTexture.uexp" 2
"../../../Engine/Plugins/2D/Paper2D/Content/DummySprite.uasset" 3
"../../../Engine/Plugins/2D/Paper2D/Content/DummySprite.uexp" 4
"../../../Engine/Plugins/2D/Paper2D/Content/DefaultPaperTerrainMaterial.uasset" 5
"../../../Engine/Plugins/2D/Paper2D/Content/DefaultPaperTerrainMaterial.uexp" 6
"../../../Engine/Content/Functions/Engine_MaterialFunctions02/Utility/VectorLength.uasset" 7
"../../../Engine/Content/Functions/Engine_MaterialFunctions02/Utility/VectorLength.uexp" 8
"../../../Engine/Content/Functions/Engine_MaterialFunctions02/WorldPositionOffset/ObjectScale.uasset" 9
"../../../Engine/Content/Functions/Engine_MaterialFunctions02/WorldPositionOffset/ObjectScale.uexp" 10
"../../../Engine/Content/Functions/Engine_MaterialFunctions02/Utility/BreakOutFloat3Components.uasset" 11
"../../../Engine/Content/Functions/Engine_MaterialFunctions02/Utility/BreakOutFloat3Components.uexp" 12
"../../../Engine/Plugins/Editor/SpeedTreeImporter/Content/SpeedTree9/Empty.uasset" 13
"../../../Engine/Plugins/Editor/SpeedTreeImporter/Content/SpeedTree9/Empty.uexp" 14
"../../../Engine/Plugins/Editor/SpeedTreeImporter/Content/SpeedTree9/EmptyNormal.uasset" 15
"../../../Engine/Plugins/Editor/SpeedTreeImporter/Content/SpeedTree9/EmptyNormal.uexp" 16
"../../../Engine/Plugins/Editor/SpeedTreeImporter/Content/SpeedTree9/game_wind_noise.uasset" 17
"../../../Engine/Plugins/Editor/SpeedTreeImporter/Content/SpeedTree9/game_wind_noise.ubulk" 18
"../../../Engine/Plugins/Editor/SpeedTreeImporter/Content/SpeedTree9/game_wind_noise.uexp" 19
"../../../Engine/Plugins/Editor/SpeedTreeImporter/Content/SpeedTree9/SpeedTreeBillboard.uasset" 20
"../../../Engine/Plugins/Editor/SpeedTreeImporter/Content/SpeedTree9/SpeedTreeBillboard.uexp" 21
"../../../Engine/Content/Functions/Engine_MaterialFunctions02/SafeNormalize.uasset" 22
"../../../Engine/Content/Functions/Engine_MaterialFunctions02/SafeNormalize.uexp" 23
"../../../Engine/Plugins/Editor/SpeedTreeImporter/Content/SpeedTree9/SpeedTreeWindMotion.uasset" 24
"../../../Engine/Plugins/Editor/SpeedTreeImporter/Content/SpeedTree9/SpeedTreeWindMotion.uexp" 25
"../../../Engine/Plugins/Editor/SpeedTreeImporter/Content/SpeedTree9/UnpackDirection.uasset" 26
"../../../Engine/Plugins/Editor/SpeedTreeImporter/Content/SpeedTree9/UnpackDirection.uexp" 27
"../../../Engine/Plugins/Editor/SpeedTreeImporter/Content/SpeedTree9/UnpackInteger3.uasset" 28
"../../../Engine/Plugins/Editor/SpeedTreeImporter/Content/SpeedTree9/UnpackInteger3.uexp" 29
"../../../Engine/Plugins/Editor/SpeedTreeImporter/Content/SpeedTree9/SpeedTreeBranchMotion.uasset" 30
"../../../Engine/Plugins/Editor/SpeedTreeImporter/Content/SpeedTree9/SpeedTreeBranchMotion.uexp" 31
"../../../Engine/Content/Functions/Engine_MaterialFunctions02/ObjectLocalBounds.uasset" 32
"../../../Engine/Content/Functions/Engine_MaterialFunctions02/ObjectLocalBounds.uexp" 33
"../../../Engine/Content/Functions/Engine_MaterialFunctions02/UVs/BoundingBoxBased_0-1_UVW.uasset" 34
"../../../Engine/Content/Functions/Engine_MaterialFunctions02/UVs/BoundingBoxBased_0-1_UVW.uexp" 35
"../../../Engine/Plugins/Editor/SpeedTreeImporter/Content/SpeedTree9/SpeedTreeWind.uasset" 36
"../../../Engine/Plugins/Editor/SpeedTreeImporter/Content/SpeedTree9/SpeedTreeWind.uexp" 37
"../../../Engine/Plugins/Editor/SpeedTreeImporter/Content/SpeedTree9/SpeedTreeBillboardMaster.uasset" 38
"../../../Engine/Plugins/Editor/SpeedTreeImporter/Content/SpeedTree9/SpeedTreeBillboardMaster.uexp" 39
"../../../Engine/Content/Functions/Engine_MaterialFunctions02/WorldPositionOffset/CameraOffset.uasset" 40
"../../../Engine/Content/Functions/Engine_MaterialFunctions02/WorldPositionOffset/CameraOffset.uexp" 41
"../../../Engine/Plugins/Animation/ControlRig/Content/M_Manip.uasset" 42
"../../../Engine/Plugins/Animation/ControlRig/Content/M_Manip.uexp" 43
"../../../Engine/Content/EngineDebugMaterials/M_SimpleUnlitTranslucent.uasset" 44
"../../../Engine/Content/EngineDebugMaterials/M_SimpleUnlitTranslucent.uexp" 45
"../../../Engine/Content/Functions/Engine_MaterialFunctions02/Utility/CameraDirectionVector.uasset" 46
"../../../Engine/Content/Functions/Engine_MaterialFunctions02/Utility/CameraDirectionVector.uexp" 47
"../../../Engine/Content/EngineDebugMaterials/VolumeToRender.uasset" 48
"../../../Engine/Content/EngineDebugMaterials/VolumeToRender.uexp" 49
"../../../Engine/Content/EngineDebugMaterials/M_VolumeRenderSphereTracePP.uasset" 50
"../../../Engine/Content/EngineDebugMaterials/M_VolumeRenderSphereTracePP.uexp" 51
"../../../Engine/Content/EditorLandscapeResources/DefaultAlphaTexture.uasset" 52
"../../../Engine/Content/EditorLandscapeResources/DefaultAlphaTexture.uexp" 53
"../../../Engine/Content/EditorLandscapeResources/LandscapeDirtyMaterial.uasset" 54
"../../../Engine/Content/EditorLandscapeResources/LandscapeDirtyMaterial.uexp" 55
"../../../Engine/Plugins/NNE/NNEDenoiser/Content/NNEDIM_ColorAlbedoNormal_Alpha.uasset" 56
"../../../Engine/Plugins/NNE/NNEDenoiser/Content/NNEDIM_ColorAlbedoNormal_Alpha.uexp" 57
"../../../Engine/Plugins/NNE/NNEDenoiser/Content/NNEDIM_ColorAlbedoNormal_Default.uasset" 58
"../../../Engine/Plugins/NNE/NNEDenoiser/Content/NNEDIM_ColorAlbedoNormal_Default.uexp" 59
"../../../Engine/Plugins/NNE/NNEDenoiser/Content/NNEDIM_HighQuality_Alpha.uasset" 60
"../../../Engine/Plugins/NNE/NNEDenoiser/Content/NNEDIM_HighQuality_Alpha.uexp" 61
"../../../Engine/Plugins/NNE/NNEDenoiser/Content/NNEDIM_HighQuality_Default.uasset" 62
"../../../Engine/Plugins/NNE/NNEDenoiser/Content/NNEDIM_HighQuality_Default.uexp" 63
"../../../Engine/Plugins/NNE/NNEDenoiser/Content/NNEDOM_Output_Alpha.uasset" 64
"../../../Engine/Plugins/NNE/NNEDenoiser/Content/NNEDOM_Output_Alpha.uexp" 65
"../../../Engine/Plugins/NNE/NNEDenoiser/Content/NNEDOM_Output_Default.uasset" 66
"../../../Engine/Plugins/NNE/NNEDenoiser/Content/NNEDOM_Output_Default.uexp" 67
"../../../Engine/Plugins/NNE/NNEDenoiser/Content/NNEDTIM_ColorAlbedoNormal_Alpha.uasset" 68
"../../../Engine/Plugins/NNE/NNEDenoiser/Content/NNEDTIM_ColorAlbedoNormal_Alpha.uexp" 69
"../../../Engine/Plugins/NNE/NNEDenoiser/Content/NNEDTIM_ColorAlbedoNormal_Default.uasset" 70
"../../../Engine/Plugins/NNE/NNEDenoiser/Content/NNEDTIM_ColorAlbedoNormal_Default.uexp" 71
"../../../Engine/Plugins/NNE/NNEDenoiser/Content/NNEDTOM_Output_Alpha.uasset" 72
"../../../Engine/Plugins/NNE/NNEDenoiser/Content/NNEDTOM_Output_Alpha.uexp" 73
"../../../Engine/Plugins/NNE/NNEDenoiser/Content/NNEDTOM_Output_Default.uasset" 74
"../../../Engine/Plugins/NNE/NNEDenoiser/Content/NNEDTOM_Output_Default.uexp" 75
"../../../Engine/Content/Animation/DefaultRecorderBoneCompression.uasset" 76
"../../../Engine/Content/Animation/DefaultRecorderBoneCompression.uexp" 77
"../../../Engine/Content/EngineMaterials/DefaultDiffuse.uasset" 78
"../../../Engine/Content/EngineMaterials/DefaultDiffuse.ubulk" 79
"../../../Engine/Content/EngineMaterials/DefaultDiffuse.uexp" 80
"../../../Engine/Content/Functions/Engine_MaterialFunctions01/Texturing/TextureCropping.uasset" 81
"../../../Engine/Content/Functions/Engine_MaterialFunctions01/Texturing/TextureCropping.uexp" 82
"../../../Engine/Content/Functions/Engine_MaterialFunctions02/ExampleContent/DebugNumberStrip.uasset" 83
"../../../Engine/Content/Functions/Engine_MaterialFunctions02/ExampleContent/DebugNumberStrip.uexp" 84
"../../../Engine/Content/Functions/Engine_MaterialFunctions01/Debug/DebugIntValues.uasset" 85
"../../../Engine/Content/Functions/Engine_MaterialFunctions01/Debug/DebugIntValues.uexp" 86
"../../../Engine/Content/Functions/Engine_MaterialFunctions02/Utility/BreakOutFloat2Components.uasset" 87
"../../../Engine/Content/Functions/Engine_MaterialFunctions02/Utility/BreakOutFloat2Components.uexp" 88
"../../../Engine/Content/Functions/Engine_MaterialFunctions01/Texturing/ScaleUVsByCenter.uasset" 89
"../../../Engine/Content/Functions/Engine_MaterialFunctions01/Texturing/ScaleUVsByCenter.uexp" 90
"../../../Engine/Content/Functions/Engine_MaterialFunctions02/WorldPositionOffset/LocalPosition.uasset" 91
"../../../Engine/Content/Functions/Engine_MaterialFunctions02/WorldPositionOffset/LocalPosition.uexp" 92
"../../../Engine/Content/EditorLandscapeResources/LandscapeLayerUsageMaterial.uasset" 93
"../../../Engine/Content/EditorLandscapeResources/LandscapeLayerUsageMaterial.uexp" 94
"../../../Engine/Content/BasicShapes/BasicShapeMaterial.uasset" 95
"../../../Engine/Content/BasicShapes/BasicShapeMaterial.uexp" 96
"../../../Engine/Content/EngineMaterials/GizmoMaterial.uasset" 97
"../../../Engine/Content/EngineMaterials/GizmoMaterial.uexp" 98
"../../../Engine/Plugins/Editor/SpeedTreeImporter/Content/SpeedTree9/SpeedTreeCameraFacing.uasset" 99
"../../../Engine/Plugins/Editor/SpeedTreeImporter/Content/SpeedTree9/SpeedTreeCameraFacing.uexp" 100
"../../../Engine/Plugins/Editor/SpeedTreeImporter/Content/SpeedTree9/SpeedTreeMaster.uasset" 101
"../../../Engine/Plugins/Editor/SpeedTreeImporter/Content/SpeedTree9/SpeedTreeMaster.uexp" 102
"../../../Engine/Plugins/Interchange/Assets/Content/Functions/MX_AbsorptionVDF.uasset" 103
"../../../Engine/Plugins/Interchange/Assets/Content/Functions/MX_AbsorptionVDF.uexp" 104
"../../../Engine/Plugins/Runtime/AudioWidgets/Content/Resources/ScrubHandleDown_Clamped.uasset" 105
"../../../Engine/Plugins/Runtime/AudioWidgets/Content/Resources/ScrubHandleDown_Clamped.uexp" 106
"../../../Engine/Plugins/Interchange/Assets/Content/Functions/MX_AnisotropicVDF.uasset" 107
"../../../Engine/Plugins/Interchange/Assets/Content/Functions/MX_AnisotropicVDF.uexp" 108
"../../../Engine/Content/EditorMaterials/ParticleSystems/PSysThumbnail_NoImage.uasset" 109
"../../../Engine/Content/EditorMaterials/ParticleSystems/PSysThumbnail_NoImage.ubulk" 110
"../../../Engine/Content/EditorMaterials/ParticleSystems/PSysThumbnail_NoImage.uexp" 111
"../../../Engine/Plugins/Interchange/Assets/Content/Functions/MX_BurleyDiffuseBSDF.uasset" 112
"../../../Engine/Plugins/Interchange/Assets/Content/Functions/MX_BurleyDiffuseBSDF.uexp" 113
"../../../Engine/Content/EditorMaterials/ParticleSystems/PSysThumbnail_OOD.uasset" 114
"../../../Engine/Content/EditorMaterials/ParticleSystems/PSysThumbnail_OOD.ubulk" 115
"../../../Engine/Content/EditorMaterials/ParticleSystems/PSysThumbnail_OOD.uexp" 116
"../../../Engine/Content/EditorLandscapeResources/WhiteSquareTexture.uasset" 117
"../../../Engine/Content/EditorLandscapeResources/WhiteSquareTexture.uexp" 118
"../../../Engine/Content/EditorLandscapeResources/LayerVisMaterial.uasset" 119
"../../../Engine/Content/EditorLandscapeResources/LayerVisMaterial.uexp" 120
"../../../Engine/Plugins/Runtime/HairStrands/Content/Materials/HairCardsDefaultMaterial.uasset" 121
"../../../Engine/Plugins/Runtime/HairStrands/Content/Materials/HairCardsDefaultMaterial.uexp" 122
"../../../Engine/Plugins/Interchange/Assets/Content/Functions/MX_ChiangHairBSDF.uasset" 123
"../../../Engine/Plugins/Interchange/Assets/Content/Functions/MX_ChiangHairBSDF.uexp" 124
"../../../Engine/Content/Functions/Engine_MaterialFunctions02/Utility/MakeFloat2.uasset" 125
"../../../Engine/Content/Functions/Engine_MaterialFunctions02/Utility/MakeFloat2.uexp" 126
"../../../Engine/Content/Functions/Engine_MaterialFunctions02/Utility/MakeFloat3.uasset" 127
"../../../Engine/Content/Functions/Engine_MaterialFunctions02/Utility/MakeFloat3.uexp" 128
"../../../Engine/Content/EngineMaterials/HairColorMap.uasset" 129
"../../../Engine/Content/EngineMaterials/HairColorMap.uexp" 130
"../../../Engine/Content/EngineMaterials/HairDebugColor.uasset" 131
"../../../Engine/Content/EngineMaterials/HairDebugColor.uexp" 132
"../../../Engine/Plugins/Runtime/HairStrands/Content/Materials/HairGroupColors.uasset" 133
"../../../Engine/Plugins/Runtime/HairStrands/Content/Materials/HairGroupColors.uexp" 134
"../../../Engine/Plugins/Runtime/HairStrands/Content/Materials/HairDebugMaterial.uasset" 135
"../../../Engine/Plugins/Runtime/HairStrands/Content/Materials/HairDebugMaterial.uexp" 136
"../../../Engine/Plugins/Runtime/HairStrands/Content/Materials/HairDefaultMaterial.uasset" 137
"../../../Engine/Plugins/Runtime/HairStrands/Content/Materials/HairDefaultMaterial.uexp" 138
"../../../Engine/Plugins/Interchange/Assets/Content/Functions/MX_ConductorBSDF.uasset" 139
"../../../Engine/Plugins/Interchange/Assets/Content/Functions/MX_ConductorBSDF.uexp" 140
"../../../Engine/Plugins/Runtime/HairStrands/Content/Materials/HairMeshesDefaultMaterial.uasset" 141
"../../../Engine/Plugins/Runtime/HairStrands/Content/Materials/HairMeshesDefaultMaterial.uexp" 142
"../../../Engine/Plugins/Interchange/Assets/Content/Functions/MX_ConicalEDF.uasset" 143
"../../../Engine/Plugins/Interchange/Assets/Content/Functions/MX_ConicalEDF.uexp" 144
"../../../Engine/Plugins/Interchange/Assets/Content/Functions/MX_DielectricBSDF.uasset" 145
"../../../Engine/Plugins/Interchange/Assets/Content/Functions/MX_DielectricBSDF.uexp" 146
"../../../Engine/Plugins/Interchange/Assets/Content/Functions/MX_Displacement.uasset" 147
"../../../Engine/Plugins/Interchange/Assets/Content/Functions/MX_Displacement.uexp" 148
"../../../Engine/Plugins/Interchange/Assets/Content/Functions/MX_GeneralizedSchlickBSDF.uasset" 149
"../../../Engine/Plugins/Interchange/Assets/Content/Functions/MX_GeneralizedSchlickBSDF.uexp" 150
"../../../Engine/Content/EngineMaterials/MiniFont.uasset" 151
"../../../Engine/Content/EngineMaterials/MiniFont.uexp" 152
"../../../Engine/Content/EngineFonts/Faces/DroidSansFallback.uasset" 153
"../../../Engine/Content/EngineFonts/Faces/DroidSansFallback.ufont" 154
"../../../Engine/Content/EngineFonts/Faces/DroidSansFallback.uexp" 155
"../../../Engine/Content/EngineFonts/Faces/RobotoBold.uasset" 156
"../../../Engine/Content/EngineFonts/Faces/RobotoBold.ufont" 157
"../../../Engine/Content/EngineFonts/Faces/RobotoBold.uexp" 158
"../../../Engine/Content/EngineFonts/Faces/RobotoBoldItalic.uasset" 159
"../../../Engine/Content/EngineFonts/Faces/RobotoBoldItalic.ufont" 160
"../../../Engine/Content/EngineFonts/Faces/RobotoBoldItalic.uexp" 161
"../../../Engine/Content/EngineFonts/Faces/RobotoItalic.uasset" 162
"../../../Engine/Content/EngineFonts/Faces/RobotoItalic.ufont" 163
"../../../Engine/Content/EngineFonts/Faces/RobotoItalic.uexp" 164
"../../../Engine/Content/EngineFonts/Faces/RobotoLight.uasset" 165
"../../../Engine/Content/EngineFonts/Faces/RobotoLight.ufont" 166
"../../../Engine/Content/EngineFonts/Faces/RobotoLight.uexp" 167
"../../../Engine/Content/EngineFonts/Faces/RobotoRegular.uasset" 168
"../../../Engine/Content/EngineFonts/Faces/RobotoRegular.ufont" 169
"../../../Engine/Content/EngineFonts/Faces/RobotoRegular.uexp" 170
"../../../Engine/Content/EngineFonts/Roboto.uasset" 171
"../../../Engine/Content/EngineFonts/Roboto.uexp" 172
"../../../Engine/Content/EngineMaterials/InvalidLightmapSettings.uasset" 173
"../../../Engine/Content/EngineMaterials/InvalidLightmapSettings.ubulk" 174
"../../../Engine/Content/EngineMaterials/InvalidLightmapSettings.uexp" 175
"../../../Engine/Content/EngineMaterials/M_InvalidLightmapSettings.uasset" 176
"../../../Engine/Content/EngineMaterials/M_InvalidLightmapSettings.uexp" 177
"../../../Engine/Content/EngineMaterials/NaniteHiddenSectionMaterial.uasset" 178
"../../../Engine/Content/EngineMaterials/NaniteHiddenSectionMaterial.uexp" 179
"../../../Engine/Plugins/Interchange/Assets/Content/Functions/MX_MeasuredEDF.uasset" 180
"../../../Engine/Plugins/Interchange/Assets/Content/Functions/MX_MeasuredEDF.uexp" 181
"../../../Engine/Plugins/Interchange/Assets/Content/Functions/MF_IridescenceNoLUT.uasset" 182
"../../../Engine/Plugins/Interchange/Assets/Content/Functions/MF_IridescenceNoLUT.uexp" 183
"../../../Engine/Plugins/Interchange/Assets/Content/Functions/MX_StandardSurface.uasset" 184
"../../../Engine/Plugins/Interchange/Assets/Content/Functions/MX_StandardSurface.uexp" 185
"../../../Engine/Plugins/Interchange/Assets/Content/Functions/MX_OpenPBR_Opaque.uasset" 186
"../../../Engine/Plugins/Interchange/Assets/Content/Functions/MX_OpenPBR_Opaque.uexp" 187
"../../../Engine/Plugins/Interchange/Assets/Content/Functions/MX_TransmissionSurface.uasset" 188
"../../../Engine/Plugins/Interchange/Assets/Content/Functions/MX_TransmissionSurface.uexp" 189
"../../../Engine/Plugins/Interchange/Assets/Content/Functions/MX_OpenPBR_Translucent.uasset" 190
"../../../Engine/Plugins/Interchange/Assets/Content/Functions/MX_OpenPBR_Translucent.uexp" 191
"../../../Engine/Plugins/Interchange/Assets/Content/Functions/MX_OrenNayarBSDF.uasset" 192
"../../../Engine/Plugins/Interchange/Assets/Content/Functions/MX_OrenNayarBSDF.uexp" 193
"../../../Engine/Content/EngineMaterials/PhAT_JointLimitMaterial.uasset" 194
"../../../Engine/Content/EngineMaterials/PhAT_JointLimitMaterial.uexp" 195
"../../../Engine/Content/EngineMaterials/DefaultCalibrationColor.uasset" 196
"../../../Engine/Content/EngineMaterials/DefaultCalibrationColor.uexp" 197
"../../../Engine/Content/EngineMaterials/PPM_DefaultCalibrationColor.uasset" 198
"../../../Engine/Content/EngineMaterials/PPM_DefaultCalibrationColor.uexp" 199
"../../../Engine/Plugins/Interchange/Assets/Content/Functions/MX_SheenBSDF.uasset" 200
"../../../Engine/Plugins/Interchange/Assets/Content/Functions/MX_SheenBSDF.uexp" 201
"../../../Engine/Content/EngineMaterials/DefaultCalibrationGrayscale.uasset" 202
"../../../Engine/Content/EngineMaterials/DefaultCalibrationGrayscale.uexp" 203
"../../../Engine/Content/EngineMaterials/PPM_DefaultCalibrationGrayscale.uasset" 204
"../../../Engine/Content/EngineMaterials/PPM_DefaultCalibrationGrayscale.uexp" 205
"../../../Engine/Plugins/Interchange/Assets/Content/Functions/MX_SubsurfaceBSDF.uasset" 206
"../../../Engine/Plugins/Interchange/Assets/Content/Functions/MX_SubsurfaceBSDF.uexp" 207
"../../../Engine/Content/EngineMaterials/PreintegratedSkinBRDF.uasset" 208
"../../../Engine/Content/EngineMaterials/PreintegratedSkinBRDF.uexp" 209
"../../../Engine/Plugins/Interchange/Assets/Content/Functions/MX_Surface.uasset" 210
"../../../Engine/Plugins/Interchange/Assets/Content/Functions/MX_Surface.uexp" 211
"../../../Engine/Plugins/Interchange/Assets/Content/Functions/MX_SurfaceUnlit.uasset" 212
"../../../Engine/Plugins/Interchange/Assets/Content/Functions/MX_SurfaceUnlit.uexp" 213
"../../../Engine/Content/EngineMaterials/RemoveSurfaceMaterial.uasset" 214
"../../../Engine/Content/EngineMaterials/RemoveSurfaceMaterial.uexp" 215
"../../../Engine/Plugins/Interchange/Assets/Content/Functions/MX_TranslucentBSDF.uasset" 216
"../../../Engine/Plugins/Interchange/Assets/Content/Functions/MX_TranslucentBSDF.uexp" 217
"../../../Engine/Plugins/Interchange/Assets/Content/Substrate/MX_SimpleVolume.uasset" 218
"../../../Engine/Plugins/Interchange/Assets/Content/Substrate/MX_SimpleVolume.uexp" 219
"../../../Engine/Plugins/Interchange/Assets/Content/Functions/MX_UniformEDF.uasset" 220
"../../../Engine/Plugins/Interchange/Assets/Content/Functions/MX_UniformEDF.uexp" 221
"../../../Engine/Content/EngineMaterials/SMAAAreaTex.uasset" 222
"../../../Engine/Content/EngineMaterials/SMAAAreaTex.uexp" 223
"../../../Engine/Plugins/Interchange/Assets/Content/Functions/MX_UsdPreviewSurface.uasset" 224
"../../../Engine/Plugins/Interchange/Assets/Content/Functions/MX_UsdPreviewSurface.uexp" 225
"../../../Engine/Content/EditorMaterials/PhAT_NoCollisionMaterial.uasset" 226
"../../../Engine/Content/EditorMaterials/PhAT_NoCollisionMaterial.uexp" 227
"../../../Engine/Content/EngineMaterials/SMAASearchTex.uasset" 228
"../../../Engine/Content/EngineMaterials/SMAASearchTex.uexp" 229
"../../../Engine/Content/EditorMaterials/PhAT_UnselectedMaterial.uasset" 230
"../../../Engine/Content/EditorMaterials/PhAT_UnselectedMaterial.uexp" 231
"../../../Engine/Content/EngineMaterials/DefaultBloomKernel.uasset" 232
"../../../Engine/Content/EngineMaterials/DefaultBloomKernel.uexp" 233
"../../../Engine/Content/EngineMaterials/DefaultBokeh.uasset" 234
"../../../Engine/Content/EngineMaterials/DefaultBokeh.uexp" 235
"../../../Engine/Content/EditorMaterials/PreviewShadowIndicator.uasset" 236
"../../../Engine/Content/EditorMaterials/PreviewShadowIndicator.ubulk" 237
"../../../Engine/Content/EditorMaterials/PreviewShadowIndicator.uexp" 238
"../../../Engine/Content/EditorMaterials/PreviewShadowIndicatorMaterial.uasset" 239
"../../../Engine/Content/EditorMaterials/PreviewShadowIndicatorMaterial.uexp" 240
"../../../Engine/Content/EditorMaterials/Dataflow/DataflowTwoSidedVertexMaterial.uasset" 241
"../../../Engine/Content/EditorMaterials/Dataflow/DataflowTwoSidedVertexMaterial.uexp" 242
"../../../Engine/Content/EditorResources/SequenceRecorder/Countdown.uasset" 243
"../../../Engine/Content/EditorResources/SequenceRecorder/Countdown.uexp" 244
"../../../Engine/Content/EditorResources/SequenceRecorder/RecordingIndicator.uasset" 245
"../../../Engine/Content/EditorResources/SequenceRecorder/RecordingIndicator.uexp" 246
"../../../Engine/Content/EngineMaterials/DefaultDeferredDecalMaterial.uasset" 247
"../../../Engine/Content/EngineMaterials/DefaultDeferredDecalMaterial.uexp" 248
"../../../Engine/Content/EngineMaterials/DefaultDestructiblePhysicalMaterial.uasset" 249
"../../../Engine/Content/EngineMaterials/DefaultDestructiblePhysicalMaterial.uexp" 250
"../../../Engine/Content/EditorMaterials/Dataflow/DataflowVertexMaterial.uasset" 251
"../../../Engine/Content/EditorMaterials/Dataflow/DataflowVertexMaterial.uexp" 252
"../../../Engine/Content/EngineMaterials/EnergyConservation/Diffuse_Energy.uasset" 253
"../../../Engine/Content/EngineMaterials/EnergyConservation/Diffuse_Energy.uexp" 254
"../../../Engine/Content/EngineMaterials/EnergyConservation/GGX_ReflectionEnergy.uasset" 255
"../../../Engine/Content/EngineMaterials/EnergyConservation/GGX_ReflectionEnergy.uexp" 256
"../../../Engine/Content/EngineMaterials/DefaultLightFunctionMaterial.uasset" 257
"../../../Engine/Content/EngineMaterials/DefaultLightFunctionMaterial.uexp" 258
"../../../Engine/Content/EngineMaterials/EnergyConservation/GGX_TransmissionEnergyArray.uasset" 259
"../../../Engine/Content/EngineMaterials/EnergyConservation/GGX_TransmissionEnergyArray.uexp" 260
"../../../Engine/Content/EngineMaterials/EnergyConservation/SheenLegacy_Energy.uasset" 261
"../../../Engine/Content/EngineMaterials/EnergyConservation/SheenLegacy_Energy.uexp" 262
"../../../Engine/Content/EngineMaterials/EnergyConservation/Sheen_Energy.uasset" 263
"../../../Engine/Content/EngineMaterials/EnergyConservation/Sheen_Energy.uexp" 264
"../../../Engine/Content/EngineMaterials/LTC/GGX_LTCAmp.uasset" 265
"../../../Engine/Content/EngineMaterials/LTC/GGX_LTCAmp.uexp" 266
"../../../Engine/Content/EngineMaterials/LTC/GGX_LTCMat.uasset" 267
"../../../Engine/Content/EngineMaterials/LTC/GGX_LTCMat.uexp" 268
"../../../Engine/Plugins/Interchange/Runtime/Content/Pipelines/DefaultAssetsPipeline.uasset" 269
"../../../Engine/Plugins/Interchange/Runtime/Content/Pipelines/DefaultAssetsPipeline.uexp" 270
"../../../Engine/Plugins/Interchange/Runtime/Content/Pipelines/DefaultAudioPipeline.uasset" 271
"../../../Engine/Plugins/Interchange/Runtime/Content/Pipelines/DefaultAudioPipeline.uexp" 272
"../../../Engine/Plugins/Interchange/Runtime/Content/Pipelines/DefaultGLTFAssetsPipeline.uasset" 273
"../../../Engine/Plugins/Interchange/Runtime/Content/Pipelines/DefaultGLTFAssetsPipeline.uexp" 274
"../../../Engine/Plugins/Interchange/Runtime/Content/Pipelines/DefaultGLTFPipeline.uasset" 275
"../../../Engine/Plugins/Interchange/Runtime/Content/Pipelines/DefaultGLTFPipeline.uexp" 276
"../../../Engine/Plugins/Interchange/Runtime/Content/Pipelines/DefaultGLTFSceneAssetsPipeline.uasset" 277
"../../../Engine/Plugins/Interchange/Runtime/Content/Pipelines/DefaultGLTFSceneAssetsPipeline.uexp" 278
"../../../Engine/Content/EngineMaterials/DefaultPhysicalMaterial.uasset" 279
"../../../Engine/Content/EngineMaterials/DefaultPhysicalMaterial.uexp" 280
"../../../Engine/Plugins/Interchange/Runtime/Content/Pipelines/DefaultMaterialPipeline.uasset" 281
"../../../Engine/Plugins/Interchange/Runtime/Content/Pipelines/DefaultMaterialPipeline.uexp" 282
"../../../Engine/Plugins/Interchange/Runtime/Content/Pipelines/DefaultMaterialXPipeline.uasset" 283
"../../../Engine/Plugins/Interchange/Runtime/Content/Pipelines/DefaultMaterialXPipeline.uexp" 284
"../../../Engine/Plugins/Interchange/Runtime/Content/Pipelines/DefaultSceneAssetsPipeline.uasset" 285
"../../../Engine/Plugins/Interchange/Runtime/Content/Pipelines/DefaultSceneAssetsPipeline.uexp" 286
"../../../Engine/Plugins/Interchange/Runtime/Content/Pipelines/DefaultSceneLevelPipeline.uasset" 287
"../../../Engine/Plugins/Interchange/Runtime/Content/Pipelines/DefaultSceneLevelPipeline.uexp" 288
"../../../Engine/Plugins/Interchange/Runtime/Content/Pipelines/DefaultTexturePipeline.uasset" 289
"../../../Engine/Plugins/Interchange/Runtime/Content/Pipelines/DefaultTexturePipeline.uexp" 290
"../../../Engine/Content/EngineMaterials/LTC/Sheen_LTC.uasset" 291
"../../../Engine/Content/EngineMaterials/LTC/Sheen_LTC.uexp" 292
"../../../Engine/Content/EngineMaterials/DefaultPostProcessMaterial.uasset" 293
"../../../Engine/Content/EngineMaterials/DefaultPostProcessMaterial.uexp" 294
"../../../Engine/Content/EngineFonts/RobotoDistanceField.uasset" 295
"../../../Engine/Content/EngineFonts/RobotoDistanceField.uexp" 296
"../../../Engine/Content/EngineMaterials/DefaultTextMaterialOpaque.uasset" 297
"../../../Engine/Content/EngineMaterials/DefaultTextMaterialOpaque.uexp" 298
"../../../Engine/Content/EngineMaterials/DefaultWhiteGrid.uasset" 299
"../../../Engine/Content/EngineMaterials/DefaultWhiteGrid.ubulk" 300
"../../../Engine/Content/EngineMaterials/DefaultWhiteGrid.uexp" 301
"../../../Engine/Content/EngineResources/Development/ZenLogo_64.uasset" 302
"../../../Engine/Content/EngineResources/Development/ZenLogo_64.uexp" 303
"../../../Engine/Content/EngineResources/FilmGrains/Marcie_Grain_v3_128_M2_000.uasset" 304
"../../../Engine/Content/EngineResources/FilmGrains/Marcie_Grain_v3_128_M2_000.uexp" 305
"../../../Engine/Content/EngineResources/Black.uasset" 306
"../../../Engine/Content/EngineResources/Black.uexp" 307
"../../../Engine/Content/EngineResources/GradientTexture0.uasset" 308
"../../../Engine/Content/EngineResources/GradientTexture0.uexp" 309
"../../../Engine/Plugins/Animation/ControlRig/Content/Controls/ControlRigGizmoMaterial.uasset" 310
"../../../Engine/Plugins/Animation/ControlRig/Content/Controls/ControlRigGizmoMaterial.uexp" 311
"../../../Engine/Plugins/Animation/ControlRig/Content/Controls/ControlRigXRayMaterial.uasset" 312
"../../../Engine/Plugins/Animation/ControlRig/Content/Controls/ControlRigXRayMaterial.uexp" 313
"../../../Engine/Plugins/Animation/ControlRig/Content/Controls/DefaultGizmoLibraryNormalized.uasset" 314
"../../../Engine/Plugins/Animation/ControlRig/Content/Controls/DefaultGizmoLibraryNormalized.uexp" 315
"../../../Engine/Content/EngineMaterials/DefaultWhiteGrid_Low.uasset" 316
"../../../Engine/Content/EngineMaterials/DefaultWhiteGrid_Low.uexp" 317
"../../../Engine/Content/EngineMaterials/EmissiveMeshMaterial.uasset" 318
"../../../Engine/Content/EngineMaterials/EmissiveMeshMaterial.uexp" 319
"../../../Engine/Content/MobileResources/HUD/VirtualJoystick_Background.uasset" 320
"../../../Engine/Content/MobileResources/HUD/VirtualJoystick_Background.uexp" 321
"../../../Engine/Content/MobileResources/HUD/VirtualJoystick_Thumb.uasset" 322
"../../../Engine/Content/MobileResources/HUD/VirtualJoystick_Thumb.uexp" 323
"../../../Engine/Content/MobileResources/HUD/DefaultVirtualJoysticks.uasset" 324
"../../../Engine/Content/MobileResources/HUD/DefaultVirtualJoysticks.uexp" 325
"../../../Engine/Content/EngineMaterials/FastBlueNoise_scalar_128x128x64.uasset" 326
"../../../Engine/Content/EngineMaterials/FastBlueNoise_scalar_128x128x64.uexp" 327
"../../../Engine/Content/EngineMaterials/FastBlueNoise_scalar_128x128x8.uasset" 328
"../../../Engine/Content/EngineMaterials/FastBlueNoise_scalar_128x128x8.uexp" 329
"../../../Engine/Content/EngineMaterials/FastBlueNoise_vec2_128x128x64.uasset" 330
"../../../Engine/Content/EngineMaterials/FastBlueNoise_vec2_128x128x64.uexp" 331
"../../../Engine/Content/EditorResources/BSPVertex.uasset" 332
"../../../Engine/Content/EditorResources/BSPVertex.uexp" 333
"../../../Engine/Content/EngineMaterials/BaseFlattenDiffuseMap.uasset" 334
"../../../Engine/Content/EngineMaterials/BaseFlattenDiffuseMap.uexp" 335
"../../../Engine/Content/EngineMaterials/BaseFlattenEmissiveMap.uasset" 336
"../../../Engine/Content/EngineMaterials/BaseFlattenEmissiveMap.uexp" 337
"../../../Engine/Content/EngineMaterials/BaseFlattenGrayscaleMap.uasset" 338
"../../../Engine/Content/EngineMaterials/BaseFlattenGrayscaleMap.uexp" 339
"../../../Engine/Content/EngineMaterials/BaseFlattenLinearColor.uasset" 340
"../../../Engine/Content/EngineMaterials/BaseFlattenLinearColor.uexp" 341
"../../../Engine/Content/EngineMaterials/BaseFlattenNormalMap.uasset" 342
"../../../Engine/Content/EngineMaterials/BaseFlattenNormalMap.uexp" 343
"../../../Engine/Content/Functions/Engine_MaterialFunctions02/PivotPainter2/Black_1x1_EXR_Texture.uasset" 344
"../../../Engine/Content/Functions/Engine_MaterialFunctions02/PivotPainter2/Black_1x1_EXR_Texture.uexp" 345
"../../../Engine/Content/EngineMaterials/FlattenMaterial.uasset" 346
"../../../Engine/Content/EngineMaterials/FlattenMaterial.uexp" 347
"../../../Engine/Content/EngineMaterials/BaseFlattenDiffuseMap_VT.uasset" 348
"../../../Engine/Content/EngineMaterials/BaseFlattenDiffuseMap_VT.ubulk" 349
"../../../Engine/Content/EngineMaterials/BaseFlattenDiffuseMap_VT.uexp" 350
"../../../Engine/Content/EngineMaterials/BaseFlattenEmissiveMap_VT.uasset" 351
"../../../Engine/Content/EngineMaterials/BaseFlattenEmissiveMap_VT.ubulk" 352
"../../../Engine/Content/EngineMaterials/BaseFlattenEmissiveMap_VT.uexp" 353
"../../../Engine/Content/EngineMaterials/BaseFlattenGrayscaleMap_VT.uasset" 354
"../../../Engine/Content/EngineMaterials/BaseFlattenGrayscaleMap_VT.ubulk" 355
"../../../Engine/Content/EngineMaterials/BaseFlattenGrayscaleMap_VT.uexp" 356
"../../../Engine/Content/EngineMaterials/BaseFlattenLinearColor_VT.uasset" 357
"../../../Engine/Content/EngineMaterials/BaseFlattenLinearColor_VT.ubulk" 358
"../../../Engine/Content/EngineMaterials/BaseFlattenLinearColor_VT.uexp" 359
"../../../Engine/Content/EngineMaterials/BaseFlattenNormalMap_VT.uasset" 360
"../../../Engine/Content/EngineMaterials/BaseFlattenNormalMap_VT.ubulk" 361
"../../../Engine/Content/EngineMaterials/BaseFlattenNormalMap_VT.uexp" 362
"../../../Engine/Content/EngineMaterials/Black_1x1_EXR_Texture_VT.uasset" 363
"../../../Engine/Content/EngineMaterials/Black_1x1_EXR_Texture_VT.ubulk" 364
"../../../Engine/Content/EngineMaterials/Black_1x1_EXR_Texture_VT.uexp" 365
"../../../Engine/Content/EngineMaterials/FlattenMaterial_VT.uasset" 366
"../../../Engine/Content/EngineMaterials/FlattenMaterial_VT.uexp" 367
"../../../Engine/Content/EngineMaterials/FlattenMaterial_WS_Normal_VT.uasset" 368
"../../../Engine/Content/EngineMaterials/FlattenMaterial_WS_Normal_VT.uexp" 369
"../../../Engine/Plugins/Experimental/MeshModelingToolsetExp/Content/Materials/GetDisplacementVectorForDepthBias.uasset" 370
"../../../Engine/Plugins/Experimental/MeshModelingToolsetExp/Content/Materials/GetDisplacementVectorForDepthBias.uexp" 371
"../../../Engine/Content/Functions/Engine_MaterialFunctions03/Viewport/MF_OrthoWidth.uasset" 372
"../../../Engine/Content/Functions/Engine_MaterialFunctions03/Viewport/MF_OrthoWidth.uexp" 373
"../../../Engine/Content/Functions/Engine_MaterialFunctions02/Utility/FOV.uasset" 374
"../../../Engine/Content/Functions/Engine_MaterialFunctions02/Utility/FOV.uexp" 375
"../../../Engine/Content/Functions/Engine_MaterialFunctions02/WorldPositionOffset/V2/ObjectScale.uasset" 376
"../../../Engine/Content/Functions/Engine_MaterialFunctions02/WorldPositionOffset/V2/ObjectScale.uexp" 377
"../../../Engine/Plugins/Experimental/MeshModelingToolsetExp/Content/Materials/PointSetOverlaidComponentMaterial.uasset" 378
"../../../Engine/Plugins/Experimental/MeshModelingToolsetExp/Content/Materials/PointSetOverlaidComponentMaterial.uexp" 379
"../../../Engine/Content/EditorResources/S_Actor.uasset" 380
"../../../Engine/Content/EditorResources/S_Actor.ubulk" 381
"../../../Engine/Content/EditorResources/S_Actor.uexp" 382
"../../../Engine/Content/EditorResources/S_BoxReflectionCapture.uasset" 383
"../../../Engine/Content/EditorResources/S_BoxReflectionCapture.uexp" 384
"../../../Engine/Content/EditorResources/S_Solver.uasset" 385
"../../../Engine/Content/EditorResources/S_Solver.ubulk" 386
"../../../Engine/Content/EditorResources/S_Solver.uexp" 387
"../../../Engine/Content/EditorResources/S_Terrain.uasset" 388
"../../../Engine/Content/EditorResources/S_Terrain.ubulk" 389
"../../../Engine/Content/EditorResources/S_Terrain.uexp" 390
"../../../Engine/Content/EditorResources/S_Trigger.uasset" 391
"../../../Engine/Content/EditorResources/S_Trigger.ubulk" 392
"../../../Engine/Content/EditorResources/S_Trigger.uexp" 393
"../../../Engine/Content/EditorResources/S_TriggerBox.uasset" 394
"../../../Engine/Content/EditorResources/S_TriggerBox.uexp" 395
"../../../Engine/Content/EditorResources/S_TriggerCapsule.uasset" 396
"../../../Engine/Content/EditorResources/S_TriggerCapsule.uexp" 397
"../../../Engine/Content/EditorResources/S_TriggerSphere.uasset" 398
"../../../Engine/Content/EditorResources/S_TriggerSphere.uexp" 399
"../../../Engine/Content/EngineDebugMaterials/DebugEditorMaterial.uasset" 400
"../../../Engine/Content/EngineDebugMaterials/DebugEditorMaterial.uexp" 401
"../../../Engine/Content/EngineDebugMaterials/DebugMeshMaterial.uasset" 402
"../../../Engine/Content/EngineDebugMaterials/DebugMeshMaterial.uexp" 403
"../../../Engine/Content/Functions/Engine_MaterialFunctions01/Shading/PowerToRoughness.uasset" 404
"../../../Engine/Content/Functions/Engine_MaterialFunctions01/Shading/PowerToRoughness.uexp" 405
"D:/Unreal Projects/MultiplayerGame/Content/Player/VoiceChat/SA_Footstep.uasset" 406
"D:/Unreal Projects/MultiplayerGame/Content/Player/VoiceChat/SA_Footstep.uexp" 407
"D:/Unreal Projects/MultiplayerGame/Content/Player/Model/SoundEffects/SW_MetalFootStep.uasset" 408
"D:/Unreal Projects/MultiplayerGame/Content/Player/Model/SoundEffects/SW_MetalFootStep.ubulk" 409
"D:/Unreal Projects/MultiplayerGame/Content/Player/Model/SoundEffects/SW_MetalFootStep.uexp" 410
"D:/Unreal Projects/MultiplayerGame/Content/Assets/BP_Light.uasset" 411
"D:/Unreal Projects/MultiplayerGame/Content/Assets/BP_Light.uexp" 412
"../../../Engine/Content/EngineMaterials/T_Default_Material_Grid_M.uasset" 413
"../../../Engine/Content/EngineMaterials/T_Default_Material_Grid_M.ubulk" 414
"../../../Engine/Content/EngineMaterials/T_Default_Material_Grid_M.uexp" 415
"../../../Engine/Content/EngineMaterials/T_Default_Material_Grid_N.uasset" 416
"../../../Engine/Content/EngineMaterials/T_Default_Material_Grid_N.ubulk" 417
"../../../Engine/Content/EngineMaterials/T_Default_Material_Grid_N.uexp" 418
"../../../Engine/Content/Functions/Engine_MaterialFunctions01/Opacity/CameraDepthFade.uasset" 419
"../../../Engine/Content/Functions/Engine_MaterialFunctions01/Opacity/CameraDepthFade.uexp" 420
"../../../Engine/Content/EngineMaterials/WorldGridMaterial.uasset" 421
"../../../Engine/Content/EngineMaterials/WorldGridMaterial.uexp" 422
"D:/Unreal Projects/MultiplayerGame/Content/Maps/_GENERATED/stanl/CubeGridToolOutput_E6461D0E.uasset" 423
"D:/Unreal Projects/MultiplayerGame/Content/Maps/_GENERATED/stanl/CubeGridToolOutput_E6461D0E.ubulk" 424
"D:/Unreal Projects/MultiplayerGame/Content/Maps/_GENERATED/stanl/CubeGridToolOutput_E6461D0E.uexp" 425
"../../../Engine/Content/EngineDamageTypes/DmgTypeBP_Environmental.uasset" 426
"../../../Engine/Content/EngineDamageTypes/DmgTypeBP_Environmental.uexp" 427
"../../../Engine/Plugins/Interchange/Assets/Content/gltf/Textures/T_White_srgb.uasset" 428
"../../../Engine/Plugins/Interchange/Assets/Content/gltf/Textures/T_White_srgb.uexp" 429
"../../../Engine/Plugins/Interchange/Assets/Content/gltf/MaterialFunctions/MF_BaseColor.uasset" 430
"../../../Engine/Plugins/Interchange/Assets/Content/gltf/MaterialFunctions/MF_BaseColor.uexp" 431
"../../../Engine/Plugins/Interchange/Assets/Content/gltf/MaterialFunctions/MF_RotateV2.uasset" 432
"../../../Engine/Plugins/Interchange/Assets/Content/gltf/MaterialFunctions/MF_RotateV2.uexp" 433
"../../../Engine/Plugins/Interchange/Assets/Content/gltf/MaterialFunctions/MF_TransformUVs.uasset" 434
"../../../Engine/Plugins/Interchange/Assets/Content/gltf/MaterialFunctions/MF_TransformUVs.uexp" 435
"../../../Engine/Plugins/Interchange/Assets/Content/gltf/MaterialBodies/MF_Unlit_Body.uasset" 436
"../../../Engine/Plugins/Interchange/Assets/Content/gltf/MaterialBodies/MF_Unlit_Body.uexp" 437
"../../../Engine/Plugins/Interchange/Assets/Content/gltf/M_Unlit.uasset" 438
"../../../Engine/Plugins/Interchange/Assets/Content/gltf/M_Unlit.uexp" 439
"../../../Engine/Plugins/Interchange/Assets/Content/gltf/MaterialInstances/MI_Unlit_Opaque_DS.uasset" 440
"../../../Engine/Plugins/Interchange/Assets/Content/gltf/MaterialInstances/MI_Unlit_Opaque_DS.uexp" 441
"../../../Engine/Plugins/Interchange/Assets/Content/gltf/MaterialInstances/MI_Unlit_Opaque.uasset" 442
"../../../Engine/Plugins/Interchange/Assets/Content/gltf/MaterialInstances/MI_Unlit_Opaque.uexp" 443
"../../../Engine/Plugins/Interchange/Assets/Content/gltf/MaterialInstances/MI_Unlit_Mask_DS.uasset" 444
"../../../Engine/Plugins/Interchange/Assets/Content/gltf/MaterialInstances/MI_Unlit_Mask_DS.uexp" 445
"../../../Engine/Plugins/Interchange/Assets/Content/gltf/MaterialInstances/MI_Unlit_Mask.uasset" 446
"../../../Engine/Plugins/Interchange/Assets/Content/gltf/MaterialInstances/MI_Unlit_Mask.uexp" 447
"../../../Engine/Plugins/Interchange/Assets/Content/gltf/MaterialInstances/MI_Unlit_Blend_DS.uasset" 448
"../../../Engine/Plugins/Interchange/Assets/Content/gltf/MaterialInstances/MI_Unlit_Blend_DS.uexp" 449
"../../../Engine/Plugins/Interchange/Assets/Content/gltf/MaterialInstances/MI_Unlit_Blend.uasset" 450
"../../../Engine/Plugins/Interchange/Assets/Content/gltf/MaterialInstances/MI_Unlit_Blend.uexp" 451
"../../../Engine/Content/EngineMaterials/Good64x64TilingNoiseHighFreq.uasset" 452
"../../../Engine/Content/EngineMaterials/Good64x64TilingNoiseHighFreq.uexp" 453
"../../../Engine/Content/Functions/Engine_MaterialFunctions02/Texturing/ScreenAlignedPixelToPixelUVs.uasset" 454
"../../../Engine/Content/Functions/Engine_MaterialFunctions02/Texturing/ScreenAlignedPixelToPixelUVs.uexp" 455
"../../../Engine/Content/Functions/Engine_MaterialFunctions02/Math/Transform3x3Matrix.uasset" 456
"../../../Engine/Content/Functions/Engine_MaterialFunctions02/Math/Transform3x3Matrix.uexp" 457
"../../../Engine/Plugins/Interchange/Assets/Content/Utilities/New_LUT.uasset" 458
"../../../Engine/Plugins/Interchange/Assets/Content/Utilities/New_LUT.uexp" 459
"../../../Engine/Content/Functions/Engine_MaterialFunctions03/Math/RemapValueRange.uasset" 460
"../../../Engine/Content/Functions/Engine_MaterialFunctions03/Math/RemapValueRange.uexp" 461
"../../../Engine/Plugins/Interchange/Assets/Content/Functions/MF_Iridescence.uasset" 462
"../../../Engine/Plugins/Interchange/Assets/Content/Functions/MF_Iridescence.uexp" 463
"../../../Engine/Plugins/Interchange/Assets/Content/gltf/MaterialFunctions/MF_Fresnel_DS.uasset" 464
"../../../Engine/Plugins/Interchange/Assets/Content/gltf/MaterialFunctions/MF_Fresnel_DS.uexp" 465
"../../../Engine/Plugins/Interchange/Assets/Content/gltf/MaterialFunctions/MF_Temporal_Blur.uasset" 466
"../../../Engine/Plugins/Interchange/Assets/Content/gltf/MaterialFunctions/MF_Temporal_Blur.uexp" 467
"../../../Engine/Plugins/Interchange/Assets/Content/gltf/MaterialFunctions/MF_IOR.uasset" 468
"../../../Engine/Plugins/Interchange/Assets/Content/gltf/MaterialFunctions/MF_IOR.uexp" 469
"../../../Engine/Plugins/Interchange/Assets/Content/gltf/MaterialFunctions/MF_Iridescence.uasset" 470
"../../../Engine/Plugins/Interchange/Assets/Content/gltf/MaterialFunctions/MF_Iridescence.uexp" 471
"../../../Engine/Plugins/Interchange/Assets/Content/gltf/Textures/T_White_Linear.uasset" 472
"../../../Engine/Plugins/Interchange/Assets/Content/gltf/Textures/T_White_Linear.uexp" 473
"../../../Engine/Plugins/Interchange/Assets/Content/gltf/MaterialFunctions/MF_MetallicRoughness.uasset" 474
"../../../Engine/Plugins/Interchange/Assets/Content/gltf/MaterialFunctions/MF_MetallicRoughness.uexp" 475
"../../../Engine/Plugins/Interchange/Assets/Content/gltf/MaterialFunctions/MF_RotateNormals_TS.uasset" 476
"../../../Engine/Plugins/Interchange/Assets/Content/gltf/MaterialFunctions/MF_RotateNormals_TS.uexp" 477
"../../../Engine/Plugins/Interchange/Assets/Content/gltf/MaterialFunctions/MF_ScaleNormal.uasset" 478
"../../../Engine/Plugins/Interchange/Assets/Content/gltf/MaterialFunctions/MF_ScaleNormal.uexp" 479
"../../../Engine/Plugins/Interchange/Assets/Content/gltf/Textures/T_Generic_N.uasset" 480
"../../../Engine/Plugins/Interchange/Assets/Content/gltf/Textures/T_Generic_N.uexp" 481
"../../../Engine/Plugins/Interchange/Assets/Content/gltf/MaterialFunctions/MF_Normals.uasset" 482
"../../../Engine/Plugins/Interchange/Assets/Content/gltf/MaterialFunctions/MF_Normals.uexp" 483
"../../../Engine/Plugins/Interchange/Assets/Content/gltf/MaterialFunctions/MF_Occlusion.uasset" 484
"../../../Engine/Plugins/Interchange/Assets/Content/gltf/MaterialFunctions/MF_Occlusion.uexp" 485
"../../../Engine/Plugins/Interchange/Assets/Content/gltf/MaterialFunctions/MF_Specular.uasset" 486
"../../../Engine/Plugins/Interchange/Assets/Content/gltf/MaterialFunctions/MF_Specular.uexp" 487
"../../../Engine/Plugins/Interchange/Assets/Content/gltf/Textures/T_Anisotropy_Direction_Linear.uasset" 488
"../../../Engine/Plugins/Interchange/Assets/Content/gltf/Textures/T_Anisotropy_Direction_Linear.uexp" 489
"../../../Engine/Plugins/Interchange/Assets/Content/gltf/MaterialFunctions/MF_SpecularAnisotropy.uasset" 490
"../../../Engine/Plugins/Interchange/Assets/Content/gltf/MaterialFunctions/MF_SpecularAnisotropy.uexp" 491
"../../../Engine/Plugins/Interchange/Assets/Content/gltf/MaterialFunctions/MF_Transmission.uasset" 492
"../../../Engine/Plugins/Interchange/Assets/Content/gltf/MaterialFunctions/MF_Transmission.uexp" 493
"../../../Engine/Plugins/Interchange/Assets/Content/gltf/MaterialBodies/MF_Transmission_Body.uasset" 494
"../../../Engine/Plugins/Interchange/Assets/Content/gltf/MaterialBodies/MF_Transmission_Body.uexp" 495
"../../../Engine/Plugins/Interchange/Assets/Content/gltf/M_Transmission.uasset" 496
"../../../Engine/Plugins/Interchange/Assets/Content/gltf/M_Transmission.uexp" 497
"../../../Engine/Plugins/Interchange/Assets/Content/gltf/MaterialInstances/MI_Transmission_DS.uasset" 498
"../../../Engine/Plugins/Interchange/Assets/Content/gltf/MaterialInstances/MI_Transmission_DS.uexp" 499
"../../../Engine/Plugins/Interchange/Assets/Content/gltf/MaterialInstances/MI_Transmission.uasset" 500
"../../../Engine/Plugins/Interchange/Assets/Content/gltf/MaterialInstances/MI_Transmission.uexp" 501
"../../../Engine/Plugins/Interchange/Assets/Content/gltf/MaterialFunctions/MF_Emissive.uasset" 502
"../../../Engine/Plugins/Interchange/Assets/Content/gltf/MaterialFunctions/MF_Emissive.uexp" 503
"../../../Engine/Plugins/Interchange/Assets/Content/gltf/MaterialFunctions/MF_DiffuseSpecGloss.uasset" 504
"../../../Engine/Plugins/Interchange/Assets/Content/gltf/MaterialFunctions/MF_DiffuseSpecGloss.uexp" 505
"../../../Engine/Plugins/Interchange/Assets/Content/gltf/MaterialFunctions/MF_MaxComponentValue.uasset" 506
"../../../Engine/Plugins/Interchange/Assets/Content/gltf/MaterialFunctions/MF_MaxComponentValue.uexp" 507
"../../../Engine/Content/Functions/Engine_MaterialFunctions02/Math/AddComponents.uasset" 508
"../../../Engine/Content/Functions/Engine_MaterialFunctions02/Math/AddComponents.uexp" 509
"../../../Engine/Plugins/Interchange/Assets/Content/gltf/MaterialFunctions/MF_PerceivedBrightness.uasset" 510
"../../../Engine/Plugins/Interchange/Assets/Content/gltf/MaterialFunctions/MF_PerceivedBrightness.uexp" 511
"../../../Engine/Plugins/Interchange/Assets/Content/gltf/MaterialFunctions/MF_SpecGlossToMetalRoughness.uasset" 512
"../../../Engine/Plugins/Interchange/Assets/Content/gltf/MaterialFunctions/MF_SpecGlossToMetalRoughness.uexp" 513
"../../../Engine/Plugins/Interchange/Assets/Content/gltf/MaterialBodies/MF_SpecularGlossiness_Body.uasset" 514
"../../../Engine/Plugins/Interchange/Assets/Content/gltf/MaterialBodies/MF_SpecularGlossiness_Body.uexp" 515
"../../../Engine/Plugins/Interchange/Assets/Content/gltf/M_SpecularGlossiness.uasset" 516
"../../../Engine/Plugins/Interchange/Assets/Content/gltf/M_SpecularGlossiness.uexp" 517
"../../../Engine/Plugins/Interchange/Assets/Content/gltf/MaterialInstances/MI_SpecularGlossiness_Opaque_DS.uasset" 518
"../../../Engine/Plugins/Interchange/Assets/Content/gltf/MaterialInstances/MI_SpecularGlossiness_Opaque_DS.uexp" 519
"../../../Engine/Plugins/Interchange/Assets/Content/gltf/MaterialInstances/MI_SpecularGlossiness_Opaque.uasset" 520
"../../../Engine/Plugins/Interchange/Assets/Content/gltf/MaterialInstances/MI_SpecularGlossiness_Opaque.uexp" 521
"../../../Engine/Plugins/Interchange/Assets/Content/gltf/MaterialInstances/MI_SpecularGlossiness_Mask_DS.uasset" 522
"../../../Engine/Plugins/Interchange/Assets/Content/gltf/MaterialInstances/MI_SpecularGlossiness_Mask_DS.uexp" 523
"../../../Engine/Plugins/Interchange/Assets/Content/gltf/MaterialInstances/MI_SpecularGlossiness_Mask.uasset" 524
"../../../Engine/Plugins/Interchange/Assets/Content/gltf/MaterialInstances/MI_SpecularGlossiness_Mask.uexp" 525
"../../../Engine/Plugins/Interchange/Assets/Content/gltf/MaterialInstances/MI_SpecularGlossiness_Blend_DS.uasset" 526
"../../../Engine/Plugins/Interchange/Assets/Content/gltf/MaterialInstances/MI_SpecularGlossiness_Blend_DS.uexp" 527
"../../../Engine/Plugins/Interchange/Assets/Content/gltf/MaterialInstances/MI_SpecularGlossiness_Blend.uasset" 528
"../../../Engine/Plugins/Interchange/Assets/Content/gltf/MaterialInstances/MI_SpecularGlossiness_Blend.uexp" 529
"../../../Engine/Plugins/Interchange/Assets/Content/gltf/MaterialFunctions/MF_Sheen.uasset" 530
"../../../Engine/Plugins/Interchange/Assets/Content/gltf/MaterialFunctions/MF_Sheen.uexp" 531
"../../../Engine/Plugins/Interchange/Assets/Content/gltf/MaterialBodies/MF_Sheen_Body.uasset" 532
"../../../Engine/Plugins/Interchange/Assets/Content/gltf/MaterialBodies/MF_Sheen_Body.uexp" 533
"../../../Engine/Plugins/Interchange/Assets/Content/gltf/M_Sheen.uasset" 534
"../../../Engine/Plugins/Interchange/Assets/Content/gltf/M_Sheen.uexp" 535
"../../../Engine/Plugins/Interchange/Assets/Content/gltf/MaterialInstances/MI_Sheen_Opaque_DS.uasset" 536
"../../../Engine/Plugins/Interchange/Assets/Content/gltf/MaterialInstances/MI_Sheen_Opaque_DS.uexp" 537
"../../../Engine/Plugins/Interchange/Assets/Content/gltf/MaterialInstances/MI_Sheen_Opaque.uasset" 538
"../../../Engine/Plugins/Interchange/Assets/Content/gltf/MaterialInstances/MI_Sheen_Opaque.uexp" 539
"../../../Engine/Plugins/Interchange/Assets/Content/gltf/MaterialInstances/MI_Sheen_Mask_DS.uasset" 540
"../../../Engine/Plugins/Interchange/Assets/Content/gltf/MaterialInstances/MI_Sheen_Mask_DS.uexp" 541
"../../../Engine/Plugins/Interchange/Assets/Content/gltf/MaterialInstances/MI_Sheen_Mask.uasset" 542
"../../../Engine/Plugins/Interchange/Assets/Content/gltf/MaterialInstances/MI_Sheen_Mask.uexp" 543
"../../../Engine/Plugins/Interchange/Assets/Content/gltf/MaterialInstances/MI_Sheen_Blend_DS.uasset" 544
"../../../Engine/Plugins/Interchange/Assets/Content/gltf/MaterialInstances/MI_Sheen_Blend_DS.uexp" 545
"../../../Engine/Plugins/Interchange/Assets/Content/gltf/MaterialInstances/MI_Sheen_Blend.uasset" 546
"../../../Engine/Plugins/Interchange/Assets/Content/gltf/MaterialInstances/MI_Sheen_Blend.uexp" 547
"../../../Engine/Plugins/Interchange/Assets/Content/gltf/MaterialBodies/MF_Default_Body.uasset" 548
"../../../Engine/Plugins/Interchange/Assets/Content/gltf/MaterialBodies/MF_Default_Body.uexp" 549
"../../../Engine/Plugins/Interchange/Assets/Content/gltf/M_Default.uasset" 550
"../../../Engine/Plugins/Interchange/Assets/Content/gltf/M_Default.uexp" 551
"../../../Engine/Plugins/Interchange/Assets/Content/gltf/MaterialInstances/MI_Default_Opaque_DS.uasset" 552
"../../../Engine/Plugins/Interchange/Assets/Content/gltf/MaterialInstances/MI_Default_Opaque_DS.uexp" 553
"../../../Engine/Plugins/Interchange/Assets/Content/gltf/MaterialInstances/MI_Default_Opaque.uasset" 554
"../../../Engine/Plugins/Interchange/Assets/Content/gltf/MaterialInstances/MI_Default_Opaque.uexp" 555
"../../../Engine/Plugins/Interchange/Assets/Content/gltf/MaterialInstances/MI_Default_Mask_DS.uasset" 556
"../../../Engine/Plugins/Interchange/Assets/Content/gltf/MaterialInstances/MI_Default_Mask_DS.uexp" 557
"../../../Engine/Plugins/Interchange/Assets/Content/gltf/MaterialInstances/MI_Default_Mask.uasset" 558
"../../../Engine/Plugins/Interchange/Assets/Content/gltf/MaterialInstances/MI_Default_Mask.uexp" 559
"../../../Engine/Plugins/Interchange/Assets/Content/gltf/MaterialInstances/MI_Default_Blend_DS.uasset" 560
"../../../Engine/Plugins/Interchange/Assets/Content/gltf/MaterialInstances/MI_Default_Blend_DS.uexp" 561
"../../../Engine/Plugins/Interchange/Assets/Content/gltf/MaterialInstances/MI_Default_Blend.uasset" 562
"../../../Engine/Plugins/Interchange/Assets/Content/gltf/MaterialInstances/MI_Default_Blend.uexp" 563
"../../../Engine/Content/Functions/Engine_MaterialFunctions01/Texturing/FlattenNormal.uasset" 564
"../../../Engine/Content/Functions/Engine_MaterialFunctions01/Texturing/FlattenNormal.uexp" 565
"../../../Engine/Plugins/Interchange/Assets/Content/gltf/MaterialFunctions/MF_Clearcoat.uasset" 566
"../../../Engine/Plugins/Interchange/Assets/Content/gltf/MaterialFunctions/MF_Clearcoat.uexp" 567
"../../../Engine/Plugins/Interchange/Assets/Content/gltf/MaterialBodies/MF_ClearCoat_Body.uasset" 568
"../../../Engine/Plugins/Interchange/Assets/Content/gltf/MaterialBodies/MF_ClearCoat_Body.uexp" 569
"../../../Engine/Plugins/Interchange/Assets/Content/gltf/M_ClearCoat.uasset" 570
"../../../Engine/Plugins/Interchange/Assets/Content/gltf/M_ClearCoat.uexp" 571
"../../../Engine/Plugins/Interchange/Assets/Content/gltf/MaterialInstances/MI_ClearCoat_Opaque_DS.uasset" 572
"../../../Engine/Plugins/Interchange/Assets/Content/gltf/MaterialInstances/MI_ClearCoat_Opaque_DS.uexp" 573
"../../../Engine/Plugins/Interchange/Assets/Content/gltf/MaterialInstances/MI_ClearCoat_Opaque.uasset" 574
"../../../Engine/Plugins/Interchange/Assets/Content/gltf/MaterialInstances/MI_ClearCoat_Opaque.uexp" 575
"../../../Engine/Plugins/Interchange/Assets/Content/gltf/MaterialInstances/MI_ClearCoat_Mask_DS.uasset" 576
"../../../Engine/Plugins/Interchange/Assets/Content/gltf/MaterialInstances/MI_ClearCoat_Mask_DS.uexp" 577
"../../../Engine/Plugins/Interchange/Assets/Content/gltf/MaterialInstances/MI_ClearCoat_Mask.uasset" 578
"../../../Engine/Plugins/Interchange/Assets/Content/gltf/MaterialInstances/MI_ClearCoat_Mask.uexp" 579
"../../../Engine/Plugins/Interchange/Assets/Content/gltf/MaterialInstances/MI_ClearCoat_Blend_DS.uasset" 580
"../../../Engine/Plugins/Interchange/Assets/Content/gltf/MaterialInstances/MI_ClearCoat_Blend_DS.uexp" 581
"../../../Engine/Plugins/Interchange/Assets/Content/gltf/MaterialInstances/MI_ClearCoat_Blend.uasset" 582
"../../../Engine/Plugins/Interchange/Assets/Content/gltf/MaterialInstances/MI_ClearCoat_Blend.uexp" 583
"../../../Engine/Content/EngineMaterials/Substrate/Volume/SubstrateSimpleVolumeLUT3D.uasset" 584
"../../../Engine/Content/EngineMaterials/Substrate/Volume/SubstrateSimpleVolumeLUT3D.uexp" 585
"../../../Engine/Content/EngineMaterials/Substrate/Volume/SubstrateSimpleVolumeEnvLUT3D.uasset" 586
"../../../Engine/Content/EngineMaterials/Substrate/Volume/SubstrateSimpleVolumeEnvLUT3D.uexp" 587
"../../../Engine/Content/EngineMaterials/Substrate/Glints2/AGlintTex2dArray2.uasset" 588
"../../../Engine/Content/EngineMaterials/Substrate/Glints2/AGlintTex2dArray2.uexp" 589
"../../../Engine/Content/EngineMaterials/Substrate/GLints/AGlintTex2dArray.uasset" 590
"../../../Engine/Content/EngineMaterials/Substrate/GLints/AGlintTex2dArray.uexp" 591
"../../../Engine/Content/ArtTools/RenderToTexture/Meshes/S_1_Unit_Plane.uasset" 592
"../../../Engine/Content/ArtTools/RenderToTexture/Meshes/S_1_Unit_Plane.ubulk" 593
"../../../Engine/Content/ArtTools/RenderToTexture/Meshes/S_1_Unit_Plane.uexp" 594
"../../../Engine/Content/VREditor/LaserPointer/VR_LaserPower_01.uasset" 595
"../../../Engine/Content/VREditor/LaserPointer/VR_LaserPower_01.ubulk" 596
"../../../Engine/Content/VREditor/LaserPointer/VR_LaserPower_01.uexp" 597
"../../../Engine/Content/VREditor/TransformGizmo/TransformGizmoMaterial.uasset" 598
"../../../Engine/Content/VREditor/TransformGizmo/TransformGizmoMaterial.uexp" 599
"../../../Engine/Content/VREditor/TransformGizmo/TranslucentTransformGizmoMaterial.uasset" 600
"../../../Engine/Content/VREditor/TransformGizmo/TranslucentTransformGizmoMaterial.uexp" 601
"../../../Engine/Content/VREditor/TransformGizmo/BoundingBoxEdge.uasset" 602
"../../../Engine/Content/VREditor/TransformGizmo/BoundingBoxEdge.ubulk" 603
"../../../Engine/Content/VREditor/TransformGizmo/BoundingBoxEdge.uexp" 604
"../../../Engine/Content/VREditor/TransformGizmo/BoundingBoxCorner.uasset" 605
"../../../Engine/Content/VREditor/TransformGizmo/BoundingBoxCorner.ubulk" 606
"../../../Engine/Content/VREditor/TransformGizmo/BoundingBoxCorner.uexp" 607
"../../../Engine/Plugins/Animation/ControlRig/Content/Controls/ControlRig_Pyramid_3mm.uasset" 608
"../../../Engine/Plugins/Animation/ControlRig/Content/Controls/ControlRig_Pyramid_3mm.ubulk" 609
"../../../Engine/Plugins/Animation/ControlRig/Content/Controls/ControlRig_Pyramid_3mm.uexp" 610
"../../../Engine/Plugins/Animation/ControlRig/Content/Controls/ControlRig_Pyramid_1mm.uasset" 611
"../../../Engine/Plugins/Animation/ControlRig/Content/Controls/ControlRig_Pyramid_1mm.ubulk" 612
"../../../Engine/Plugins/Animation/ControlRig/Content/Controls/ControlRig_Pyramid_1mm.uexp" 613
"../../../Engine/Plugins/Animation/ControlRig/Content/Controls/ControlRig_Octagon_solid.uasset" 614
"../../../Engine/Plugins/Animation/ControlRig/Content/Controls/ControlRig_Octagon_solid.ubulk" 615
"../../../Engine/Plugins/Animation/ControlRig/Content/Controls/ControlRig_Octagon_solid.uexp" 616
"../../../Engine/Plugins/Animation/ControlRig/Content/Controls/ControlRig_Octagon_3mm.uasset" 617
"../../../Engine/Plugins/Animation/ControlRig/Content/Controls/ControlRig_Octagon_3mm.ubulk" 618
"../../../Engine/Plugins/Animation/ControlRig/Content/Controls/ControlRig_Octagon_3mm.uexp" 619
"../../../Engine/Plugins/Animation/ControlRig/Content/Controls/ControlRig_Octagon_1mm.uasset" 620
"../../../Engine/Plugins/Animation/ControlRig/Content/Controls/ControlRig_Octagon_1mm.ubulk" 621
"../../../Engine/Plugins/Animation/ControlRig/Content/Controls/ControlRig_Octagon_1mm.uexp" 622
"../../../Engine/Plugins/Animation/ControlRig/Content/Controls/ControlRig_Hexagon_solid.uasset" 623
"../../../Engine/Plugins/Animation/ControlRig/Content/Controls/ControlRig_Hexagon_solid.ubulk" 624
"../../../Engine/Plugins/Animation/ControlRig/Content/Controls/ControlRig_Hexagon_solid.uexp" 625
"../../../Engine/Plugins/Animation/ControlRig/Content/Controls/ControlRig_Hexagon_3mm.uasset" 626
"../../../Engine/Plugins/Animation/ControlRig/Content/Controls/ControlRig_Hexagon_3mm.ubulk" 627
"../../../Engine/Plugins/Animation/ControlRig/Content/Controls/ControlRig_Hexagon_3mm.uexp" 628
"../../../Engine/Plugins/Animation/ControlRig/Content/Controls/ControlRig_Hexagon_1mm.uasset" 629
"../../../Engine/Plugins/Animation/ControlRig/Content/Controls/ControlRig_Hexagon_1mm.ubulk" 630
"../../../Engine/Plugins/Animation/ControlRig/Content/Controls/ControlRig_Hexagon_1mm.uexp" 631
"../../../Engine/Plugins/Animation/ControlRig/Content/Controls/ControlRig_HalfCircle_solid.uasset" 632
"../../../Engine/Plugins/Animation/ControlRig/Content/Controls/ControlRig_HalfCircle_solid.ubulk" 633
"../../../Engine/Plugins/Animation/ControlRig/Content/Controls/ControlRig_HalfCircle_solid.uexp" 634
"../../../Engine/Plugins/Animation/ControlRig/Content/Controls/ControlRig_HalfCircle_3mm.uasset" 635
"../../../Engine/Plugins/Animation/ControlRig/Content/Controls/ControlRig_HalfCircle_3mm.ubulk" 636
"../../../Engine/Plugins/Animation/ControlRig/Content/Controls/ControlRig_HalfCircle_3mm.uexp" 637
"../../../Engine/Plugins/Animation/ControlRig/Content/Controls/ControlRig_HalfCircle_1mm.uasset" 638
"../../../Engine/Plugins/Animation/ControlRig/Content/Controls/ControlRig_HalfCircle_1mm.ubulk" 639
"../../../Engine/Plugins/Animation/ControlRig/Content/Controls/ControlRig_HalfCircle_1mm.uexp" 640
"../../../Engine/Plugins/Animation/ControlRig/Content/Controls/ControlRig_Diamond_solid.uasset" 641
"../../../Engine/Plugins/Animation/ControlRig/Content/Controls/ControlRig_Diamond_solid.ubulk" 642
"../../../Engine/Plugins/Animation/ControlRig/Content/Controls/ControlRig_Diamond_solid.uexp" 643
"../../../Engine/Plugins/Animation/ControlRig/Content/Controls/ControlRig_Diamond_3mm.uasset" 644
"../../../Engine/Plugins/Animation/ControlRig/Content/Controls/ControlRig_Diamond_3mm.ubulk" 645
"../../../Engine/Plugins/Animation/ControlRig/Content/Controls/ControlRig_Diamond_3mm.uexp" 646
"../../../Engine/Plugins/Animation/ControlRig/Content/Controls/ControlRig_Diamond_1mm.uasset" 647
"../../../Engine/Plugins/Animation/ControlRig/Content/Controls/ControlRig_Diamond_1mm.ubulk" 648
"../../../Engine/Plugins/Animation/ControlRig/Content/Controls/ControlRig_Diamond_1mm.uexp" 649
"../../../Engine/Plugins/Animation/ControlRig/Content/Controls/ControlRig_Circle_solid.uasset" 650
"../../../Engine/Plugins/Animation/ControlRig/Content/Controls/ControlRig_Circle_solid.ubulk" 651
"../../../Engine/Plugins/Animation/ControlRig/Content/Controls/ControlRig_Circle_solid.uexp" 652
"../../../Engine/Plugins/Animation/ControlRig/Content/Controls/ControlRig_Circle_3mm.uasset" 653
"../../../Engine/Plugins/Animation/ControlRig/Content/Controls/ControlRig_Circle_3mm.ubulk" 654
"../../../Engine/Plugins/Animation/ControlRig/Content/Controls/ControlRig_Circle_3mm.uexp" 655
"../../../Engine/Plugins/Animation/ControlRig/Content/Controls/ControlRig_Circle_1mm.uasset" 656
"../../../Engine/Plugins/Animation/ControlRig/Content/Controls/ControlRig_Circle_1mm.ubulk" 657
"../../../Engine/Plugins/Animation/ControlRig/Content/Controls/ControlRig_Circle_1mm.uexp" 658
"../../../Engine/Plugins/Animation/ControlRig/Content/Controls/ControlRig_Box_solid.uasset" 659
"../../../Engine/Plugins/Animation/ControlRig/Content/Controls/ControlRig_Box_solid.ubulk" 660
"../../../Engine/Plugins/Animation/ControlRig/Content/Controls/ControlRig_Box_solid.uexp" 661
"../../../Engine/Plugins/Animation/ControlRig/Content/Controls/ControlRig_Box_3mm.uasset" 662
"../../../Engine/Plugins/Animation/ControlRig/Content/Controls/ControlRig_Box_3mm.ubulk" 663
"../../../Engine/Plugins/Animation/ControlRig/Content/Controls/ControlRig_Box_3mm.uexp" 664
"../../../Engine/Plugins/Animation/ControlRig/Content/Controls/ControlRig_Box_1mm.uasset" 665
"../../../Engine/Plugins/Animation/ControlRig/Content/Controls/ControlRig_Box_1mm.ubulk" 666
"../../../Engine/Plugins/Animation/ControlRig/Content/Controls/ControlRig_Box_1mm.uexp" 667
"../../../Engine/Plugins/Animation/ControlRig/Content/Controls/ControlRig_Arrow_solid.uasset" 668
"../../../Engine/Plugins/Animation/ControlRig/Content/Controls/ControlRig_Arrow_solid.ubulk" 669
"../../../Engine/Plugins/Animation/ControlRig/Content/Controls/ControlRig_Arrow_solid.uexp" 670
"../../../Engine/Plugins/Animation/ControlRig/Content/Controls/ControlRig_Arrow_3mm.uasset" 671
"../../../Engine/Plugins/Animation/ControlRig/Content/Controls/ControlRig_Arrow_3mm.ubulk" 672
"../../../Engine/Plugins/Animation/ControlRig/Content/Controls/ControlRig_Arrow_3mm.uexp" 673
"../../../Engine/Plugins/Animation/DeformerGraph/Content/DeformerFunctions/DG_Function_ComputeNormalsTangents.uasset" 674
"../../../Engine/Plugins/Animation/DeformerGraph/Content/DeformerFunctions/DG_Function_ComputeNormalsTangents.uexp" 675
"../../../Engine/Plugins/Animation/DeformerGraph/Content/DeformerFunctions/DG_Function_LinearBlendSkin_Morph_Cloth_PositionOnly.uasset" 676
"../../../Engine/Plugins/Animation/DeformerGraph/Content/DeformerFunctions/DG_Function_LinearBlendSkin_Morph_Cloth_PositionOnly.uexp" 677
"../../../Engine/Plugins/Animation/DeformerGraph/Content/Deformers/DG_LinearBlendSkin_Morph_Cloth_RecomputeNormals.uasset" 678
"../../../Engine/Plugins/Animation/DeformerGraph/Content/Deformers/DG_LinearBlendSkin_Morph_Cloth_RecomputeNormals.uexp" 679
"../../../Engine/Content/EditorMaterials/Camera/CineMat.uasset" 680
"../../../Engine/Content/EditorMaterials/Camera/CineMat.uexp" 681
"../../../Engine/Content/EditorMaterials/Camera/MI_CineMat_Rig.uasset" 682
"../../../Engine/Content/EditorMaterials/Camera/MI_CineMat_Rig.uexp" 683
"../../../Engine/Content/EditorMeshes/Camera/SM_RailRig_Track.uasset" 684
"../../../Engine/Content/EditorMeshes/Camera/SM_RailRig_Track.ubulk" 685
"../../../Engine/Content/EditorMeshes/Camera/SM_RailRig_Track.uexp" 686
"../../../Engine/Plugins/Animation/ControlRig/Content/Controls/ControlRig_Arrow_1mm.uasset" 687
"../../../Engine/Plugins/Animation/ControlRig/Content/Controls/ControlRig_Arrow_1mm.ubulk" 688
"../../../Engine/Plugins/Animation/ControlRig/Content/Controls/ControlRig_Arrow_1mm.uexp" 689
"../../../Engine/Plugins/Animation/ControlRig/Content/Controls/ControlRig_Arrow4_solid.uasset" 690
"../../../Engine/Plugins/Animation/ControlRig/Content/Controls/ControlRig_Arrow4_solid.ubulk" 691
"../../../Engine/Plugins/Animation/ControlRig/Content/Controls/ControlRig_Arrow4_solid.uexp" 692
"../../../Engine/Plugins/Animation/DeformerGraph/Content/DeformerFunctions/DG_Function_LinearBlendSkin_Morph_Cloth.uasset" 693
"../../../Engine/Plugins/Animation/DeformerGraph/Content/DeformerFunctions/DG_Function_LinearBlendSkin_Morph_Cloth.uexp" 694
"../../../Engine/Plugins/Animation/DeformerGraph/Content/Deformers/DG_LinearBlendSkin_Morph_Cloth.uasset" 695
"../../../Engine/Plugins/Animation/DeformerGraph/Content/Deformers/DG_LinearBlendSkin_Morph_Cloth.uexp" 696
"../../../Engine/Content/EditorMeshes/Camera/SM_RailRig_Mount.uasset" 697
"../../../Engine/Content/EditorMeshes/Camera/SM_RailRig_Mount.ubulk" 698
"../../../Engine/Content/EditorMeshes/Camera/SM_RailRig_Mount.uexp" 699
"../../../Engine/Plugins/Animation/ControlRig/Content/Controls/ControlRig_Arrow4_3mm.uasset" 700
"../../../Engine/Plugins/Animation/ControlRig/Content/Controls/ControlRig_Arrow4_3mm.ubulk" 701
"../../../Engine/Plugins/Animation/ControlRig/Content/Controls/ControlRig_Arrow4_3mm.uexp" 702
"../../../Engine/Content/EditorMeshes/Camera/SM_CraneRig_Mount.uasset" 703
"../../../Engine/Content/EditorMeshes/Camera/SM_CraneRig_Mount.ubulk" 704
"../../../Engine/Content/EditorMeshes/Camera/SM_CraneRig_Mount.uexp" 705
"../../../Engine/Plugins/Animation/ControlRig/Content/Controls/ControlRig_Arrow4_1mm.uasset" 706
"../../../Engine/Plugins/Animation/ControlRig/Content/Controls/ControlRig_Arrow4_1mm.ubulk" 707
"../../../Engine/Plugins/Animation/ControlRig/Content/Controls/ControlRig_Arrow4_1mm.uexp" 708
"../../../Engine/Content/EditorMeshes/Camera/SM_CraneRig_Body.uasset" 709
"../../../Engine/Content/EditorMeshes/Camera/SM_CraneRig_Body.ubulk" 710
"../../../Engine/Content/EditorMeshes/Camera/SM_CraneRig_Body.uexp" 711
"../../../Engine/Plugins/Animation/ControlRig/Content/Controls/ControlRig_Arrow2_solid.uasset" 712
"../../../Engine/Plugins/Animation/ControlRig/Content/Controls/ControlRig_Arrow2_solid.ubulk" 713
"../../../Engine/Plugins/Animation/ControlRig/Content/Controls/ControlRig_Arrow2_solid.uexp" 714
"../../../Engine/Content/EditorMeshes/Camera/SM_CraneRig_Base.uasset" 715
"../../../Engine/Content/EditorMeshes/Camera/SM_CraneRig_Base.ubulk" 716
"../../../Engine/Content/EditorMeshes/Camera/SM_CraneRig_Base.uexp" 717
"../../../Engine/Content/EditorMeshes/Camera/SM_CraneRig_Arm.uasset" 718
"../../../Engine/Content/EditorMeshes/Camera/SM_CraneRig_Arm.ubulk" 719
"../../../Engine/Content/EditorMeshes/Camera/SM_CraneRig_Arm.uexp" 720
"../../../Engine/Plugins/Animation/ControlRig/Content/Controls/ControlRig_Arrow2_3mm.uasset" 721
"../../../Engine/Plugins/Animation/ControlRig/Content/Controls/ControlRig_Arrow2_3mm.ubulk" 722
"../../../Engine/Plugins/Animation/ControlRig/Content/Controls/ControlRig_Arrow2_3mm.uexp" 723
"../../../Engine/Plugins/Animation/ControlRig/Content/Controls/ControlRig_Arrow2_1mm.uasset" 724
"../../../Engine/Plugins/Animation/ControlRig/Content/Controls/ControlRig_Arrow2_1mm.ubulk" 725
"../../../Engine/Plugins/Animation/ControlRig/Content/Controls/ControlRig_Arrow2_1mm.uexp" 726
"../../../Engine/Content/Functions/Engine_MaterialFunctions02/SplitComponents.uasset" 727
"../../../Engine/Content/Functions/Engine_MaterialFunctions02/SplitComponents.uexp" 728
"../../../Engine/Content/VREditor/SnapGrid/SnapGridMaterial.uasset" 729
"../../../Engine/Content/VREditor/SnapGrid/SnapGridMaterial.uexp" 730
"../../../Engine/Content/VREditor/SnapGrid/SnapGridPlaneMesh.uasset" 731
"../../../Engine/Content/VREditor/SnapGrid/SnapGridPlaneMesh.ubulk" 732
"../../../Engine/Content/VREditor/SnapGrid/SnapGridPlaneMesh.uexp" 733
"../../../Engine/Content/VREditor/TransformGizmo/PlaneTranslationHandle.uasset" 734
"../../../Engine/Content/VREditor/TransformGizmo/PlaneTranslationHandle.ubulk" 735
"../../../Engine/Content/VREditor/TransformGizmo/PlaneTranslationHandle.uexp" 736
"../../../Engine/Content/VREditor/TransformGizmo/RotationHandleFull.uasset" 737
"../../../Engine/Content/VREditor/TransformGizmo/RotationHandleFull.ubulk" 738
"../../../Engine/Content/VREditor/TransformGizmo/RotationHandleFull.uexp" 739
"../../../Engine/Content/VREditor/TransformGizmo/RotationHandleIndicator.uasset" 740
"../../../Engine/Content/VREditor/TransformGizmo/RotationHandleIndicator.ubulk" 741
"../../../Engine/Content/VREditor/TransformGizmo/RotationHandleIndicator.uexp" 742
"../../../Engine/Content/VREditor/TransformGizmo/RotationHandleQuarter.uasset" 743
"../../../Engine/Content/VREditor/TransformGizmo/RotationHandleQuarter.ubulk" 744
"../../../Engine/Content/VREditor/TransformGizmo/RotationHandleQuarter.uexp" 745
"../../../Engine/Content/VREditor/TransformGizmo/StartRotationHandleIndicator.uasset" 746
"../../../Engine/Content/VREditor/TransformGizmo/StartRotationHandleIndicator.ubulk" 747
"../../../Engine/Content/VREditor/TransformGizmo/StartRotationHandleIndicator.uexp" 748
"../../../Engine/Content/VREditor/TransformGizmo/TranslucentTransformGizmoMaterial_Inst.uasset" 749
"../../../Engine/Content/VREditor/TransformGizmo/TranslucentTransformGizmoMaterial_Inst.uexp" 750
"../../../Engine/Content/VREditor/TransformGizmo/TransformGizmoFreeRotation.uasset" 751
"../../../Engine/Content/VREditor/TransformGizmo/TransformGizmoFreeRotation.ubulk" 752
"../../../Engine/Content/VREditor/TransformGizmo/TransformGizmoFreeRotation.uexp" 753
"../../../Engine/Content/VREditor/TransformGizmo/TransformGizmoMaterial_Inst.uasset" 754
"../../../Engine/Content/VREditor/TransformGizmo/TransformGizmoMaterial_Inst.uexp" 755
"../../../Engine/Content/VREditor/TransformGizmo/TranslateArrowHandle.uasset" 756
"../../../Engine/Content/VREditor/TransformGizmo/TranslateArrowHandle.ubulk" 757
"../../../Engine/Content/VREditor/TransformGizmo/TranslateArrowHandle.uexp" 758
"../../../Engine/Content/VREditor/TransformGizmo/UniformScaleHandle.uasset" 759
"../../../Engine/Content/VREditor/TransformGizmo/UniformScaleHandle.ubulk" 760
"../../../Engine/Content/VREditor/TransformGizmo/UniformScaleHandle.uexp" 761
"../../../Engine/Content/VREditor/Sounds/UI/Drop_Item_From_ContentBrowser.uasset" 762
"../../../Engine/Content/VREditor/Sounds/UI/Drop_Item_From_ContentBrowser.ubulk" 763
"../../../Engine/Content/VREditor/Sounds/UI/Drop_Item_From_ContentBrowser.uexp" 764
"../../../Engine/Content/VREditor/Sounds/UI/Gizmo_Handle_Clicked.uasset" 765
"../../../Engine/Content/VREditor/Sounds/UI/Gizmo_Handle_Clicked.ubulk" 766
"../../../Engine/Content/VREditor/Sounds/UI/Gizmo_Handle_Clicked.uexp" 767
"../../../Engine/Content/VREditor/Sounds/UI/Object_PickUp.uasset" 768
"../../../Engine/Content/VREditor/Sounds/UI/Object_PickUp.ubulk" 769
"../../../Engine/Content/VREditor/Sounds/UI/Object_PickUp.uexp" 770
"../../../Engine/Content/VREditor/Sounds/UI/Object_Snaps_To_Another_Actor.uasset" 771
"../../../Engine/Content/VREditor/Sounds/UI/Object_Snaps_To_Another_Actor.ubulk" 772
"../../../Engine/Content/VREditor/Sounds/UI/Object_Snaps_To_Another_Actor.uexp" 773
"../../../Engine/Content/VREditor/Sounds/UI/Object_Snaps_To_Grid.uasset" 774
"../../../Engine/Content/VREditor/Sounds/UI/Object_Snaps_To_Grid.ubulk" 775
"../../../Engine/Content/VREditor/Sounds/UI/Object_Snaps_To_Grid.uexp" 776
"../../../Engine/Content/VREditor/Sounds/UI/Scaling_Down.uasset" 777
"../../../Engine/Content/VREditor/Sounds/UI/Scaling_Down.ubulk" 778
"../../../Engine/Content/VREditor/Sounds/UI/Scaling_Down.uexp" 779
"../../../Engine/Content/VREditor/Sounds/UI/Scaling_Up.uasset" 780
"../../../Engine/Content/VREditor/Sounds/UI/Scaling_Up.ubulk" 781
"../../../Engine/Content/VREditor/Sounds/UI/Scaling_Up.uexp" 782
"../../../Engine/Content/VREditor/Sounds/UI/Selection_Changes.uasset" 783
"../../../Engine/Content/VREditor/Sounds/UI/Selection_Changes.ubulk" 784
"../../../Engine/Content/VREditor/Sounds/UI/Selection_Changes.uexp" 785
"../../../Engine/Content/EditorLandscapeResources/SplineEditorMeshMat.uasset" 786
"../../../Engine/Content/EditorLandscapeResources/SplineEditorMeshMat.uexp" 787
"../../../Engine/Content/EditorLandscapeResources/SplineEditorMesh.uasset" 788
"../../../Engine/Content/EditorLandscapeResources/SplineEditorMesh.ubulk" 789
"../../../Engine/Content/EditorLandscapeResources/SplineEditorMesh.uexp" 790
"../../../Engine/Content/Functions/Engine_MaterialFunctions03/Math/WithinRangeFloat2.uasset" 791
"../../../Engine/Content/Functions/Engine_MaterialFunctions03/Math/WithinRangeFloat2.uexp" 792
"../../../Engine/Content/EditorLandscapeResources/SelectBrushMaterial.uasset" 793
"../../../Engine/Content/EditorLandscapeResources/SelectBrushMaterial.uexp" 794
"../../../Engine/Content/EditorLandscapeResources/SelectBrushMaterial_SelectedRegion.uasset" 795
"../../../Engine/Content/EditorLandscapeResources/SelectBrushMaterial_SelectedRegion.uexp" 796
"../../../Engine/Content/EditorLandscapeResources/SelectBrushMaterial_Selected.uasset" 797
"../../../Engine/Content/EditorLandscapeResources/SelectBrushMaterial_Selected.uexp" 798
"../../../Engine/Content/EditorLandscapeResources/MaskBrushMaterial.uasset" 799
"../../../Engine/Content/EditorLandscapeResources/MaskBrushMaterial.uexp" 800
"../../../Engine/Content/EditorLandscapeResources/MaskBrushMaterial_MaskedRegion.uasset" 801
"../../../Engine/Content/EditorLandscapeResources/MaskBrushMaterial_MaskedRegion.uexp" 802
"../../../Engine/Content/EngineResources/LandscapeVisibilityLayerInfo.uasset" 803
"../../../Engine/Content/EngineResources/LandscapeVisibilityLayerInfo.uexp" 804
"../../../Engine/Content/EditorLandscapeResources/ColorMaskBrushMaterial.uasset" 805
"../../../Engine/Content/EditorLandscapeResources/ColorMaskBrushMaterial.uexp" 806
"../../../Engine/Content/EditorLandscapeResources/ColorMaskBrushMaterial_MaskedRegion.uasset" 807
"../../../Engine/Content/EditorLandscapeResources/ColorMaskBrushMaterial_MaskedRegion.uexp" 808
"../../../Engine/Content/EngineResources/DefaultTextureCube.uasset" 809
"../../../Engine/Content/EngineResources/DefaultTextureCube.uexp" 810
"../../../Engine/Content/EngineMaterials/DefaultMaterial.uasset" 811
"../../../Engine/Content/EngineMaterials/DefaultMaterial.uexp" 812
"../../../Engine/Content/BasicShapes/Sphere.uasset" 813
"../../../Engine/Content/BasicShapes/Sphere.ubulk" 814
"../../../Engine/Content/BasicShapes/Sphere.uexp" 815
"../../../Engine/Content/BasicShapes/Plane.uasset" 816
"../../../Engine/Content/BasicShapes/Plane.ubulk" 817
"../../../Engine/Content/BasicShapes/Plane.uexp" 818
"../../../Engine/Content/BasicShapes/Cylinder.uasset" 819
"../../../Engine/Content/BasicShapes/Cylinder.ubulk" 820
"../../../Engine/Content/BasicShapes/Cylinder.uexp" 821
"../../../Engine/Content/EngineMeshes/Sphere.uasset" 822
"../../../Engine/Content/EngineMeshes/Sphere.ubulk" 823
"../../../Engine/Content/EngineMeshes/Sphere.uexp" 824
"../../../Engine/Content/BasicShapes/Cube.uasset" 825
"../../../Engine/Content/BasicShapes/Cube.ubulk" 826
"../../../Engine/Content/BasicShapes/Cube.uexp" 827
"../../../Engine/Content/BasicShapes/Cone.uasset" 828
"../../../Engine/Content/BasicShapes/Cone.ubulk" 829
"../../../Engine/Content/BasicShapes/Cone.uexp" 830
"../../../Engine/Plugins/NNE/NNEDenoiser/Content/NNE_oidn2-3-0_rt_hdr_calb_cnrm_large__dyn__fp16_opset11_ForwardAlpha.uasset" 831
"../../../Engine/Plugins/NNE/NNEDenoiser/Content/NNE_oidn2-3-0_rt_hdr_calb_cnrm_large__dyn__fp16_opset11_ForwardAlpha.uexp" 832
"../../../Engine/Plugins/NNE/NNEDenoiser/Content/NNE_oidn2-3-0_rt_hdr_calb_cnrm_large__dyn__fp16_opset11_DenoiseAlpha.uasset" 833
"../../../Engine/Plugins/NNE/NNEDenoiser/Content/NNE_oidn2-3-0_rt_hdr_calb_cnrm_large__dyn__fp16_opset11_DenoiseAlpha.uexp" 834
"../../../Engine/Plugins/NNE/NNEDenoiser/Content/NNE_oidn2-3-0_rt_hdr_alb_nrm__dyn__fp16_opset11_ForwardAlpha.uasset" 835
"../../../Engine/Plugins/NNE/NNEDenoiser/Content/NNE_oidn2-3-0_rt_hdr_alb_nrm__dyn__fp16_opset11_ForwardAlpha.uexp" 836
"../../../Engine/Plugins/NNE/NNEDenoiser/Content/NNE_oidn2-3-0_rt_hdr_alb_nrm__dyn__fp16_opset11_DenoiseAlpha.uasset" 837
"../../../Engine/Plugins/NNE/NNEDenoiser/Content/NNE_oidn2-3-0_rt_hdr_alb_nrm__dyn__fp16_opset11_DenoiseAlpha.uexp" 838
"../../../Engine/Plugins/NNE/NNEDenoiser/Content/NNE_oidn2-3-0_rt_hdr_alb_nrm_small__dyn__fp16_opset11_ForwardAlpha.uasset" 839
"../../../Engine/Plugins/NNE/NNEDenoiser/Content/NNE_oidn2-3-0_rt_hdr_alb_nrm_small__dyn__fp16_opset11_ForwardAlpha.uexp" 840
"../../../Engine/Plugins/NNE/NNEDenoiser/Content/NNE_oidn2-3-0_rt_hdr_alb_nrm_small__dyn__fp16_opset11_DenoiseAlpha.uasset" 841
"../../../Engine/Plugins/NNE/NNEDenoiser/Content/NNE_oidn2-3-0_rt_hdr_alb_nrm_small__dyn__fp16_opset11_DenoiseAlpha.uexp" 842
"../../../Engine/Plugins/NNE/NNEDenoiser/Content/NNED_Oidn2-3_HighQuality_Alpha.uasset" 843
"../../../Engine/Plugins/NNE/NNEDenoiser/Content/NNED_Oidn2-3_HighQuality_Alpha.uexp" 844
"../../../Engine/Plugins/NNE/NNEDenoiser/Content/NNED_Oidn2-3_HighQuality.uasset" 845
"../../../Engine/Plugins/NNE/NNEDenoiser/Content/NNED_Oidn2-3_HighQuality.uexp" 846
"../../../Engine/Plugins/NNE/NNEDenoiser/Content/NNED_Oidn2-3_Fast_Alpha.uasset" 847
"../../../Engine/Plugins/NNE/NNEDenoiser/Content/NNED_Oidn2-3_Fast_Alpha.uexp" 848
"../../../Engine/Plugins/NNE/NNEDenoiser/Content/NNED_Oidn2-3_Fast.uasset" 849
"../../../Engine/Plugins/NNE/NNEDenoiser/Content/NNED_Oidn2-3_Fast.uexp" 850
"../../../Engine/Plugins/NNE/NNEDenoiser/Content/NNED_Oidn2-3_Balanced_Alpha.uasset" 851
"../../../Engine/Plugins/NNE/NNEDenoiser/Content/NNED_Oidn2-3_Balanced_Alpha.uexp" 852
"../../../Engine/Plugins/NNE/NNEDenoiser/Content/NNED_Oidn2-3_Balanced.uasset" 853
"../../../Engine/Plugins/NNE/NNEDenoiser/Content/NNED_Oidn2-3_Balanced.uexp" 854
"../../../Engine/Plugins/NNE/NNEDenoiser/Content/NNEDT_Oidn2-3_Balanced_Alpha.uasset" 855
"../../../Engine/Plugins/NNE/NNEDenoiser/Content/NNEDT_Oidn2-3_Balanced_Alpha.uexp" 856
"../../../Engine/Plugins/NNE/NNEDenoiser/Content/NNEDT_Oidn2-3_Balanced.uasset" 857
"../../../Engine/Plugins/NNE/NNEDenoiser/Content/NNEDT_Oidn2-3_Balanced.uexp" 858
"../../../Engine/Plugins/Media/MediaPlate/Content/SM_MediaPlateScreen.uasset" 859
"../../../Engine/Plugins/Media/MediaPlate/Content/SM_MediaPlateScreen.ubulk" 860
"../../../Engine/Plugins/Media/MediaPlate/Content/SM_MediaPlateScreen.uexp" 861
"../../../Engine/Content/EngineResources/WhiteSquareTexture.uasset" 862
"../../../Engine/Content/EngineResources/WhiteSquareTexture.uexp" 863
"../../../Engine/Content/EngineMaterials/Widget3DPassThrough.uasset" 864
"../../../Engine/Content/EngineMaterials/Widget3DPassThrough.uexp" 865
"../../../Engine/Content/EngineMaterials/Widget3DPassThrough_Translucent.uasset" 866
"../../../Engine/Content/EngineMaterials/Widget3DPassThrough_Translucent.uexp" 867
"../../../Engine/Content/EngineMaterials/Widget3DPassThrough_Translucent_OneSided.uasset" 868
"../../../Engine/Content/EngineMaterials/Widget3DPassThrough_Translucent_OneSided.uexp" 869
"../../../Engine/Content/EngineMaterials/Widget3DPassThrough_Opaque.uasset" 870
"../../../Engine/Content/EngineMaterials/Widget3DPassThrough_Opaque.uexp" 871
"../../../Engine/Content/EngineMaterials/Widget3DPassThrough_Opaque_OneSided.uasset" 872
"../../../Engine/Content/EngineMaterials/Widget3DPassThrough_Opaque_OneSided.uexp" 873
"../../../Engine/Content/EngineMaterials/Widget3DPassThrough_Masked_OneSided.uasset" 874
"../../../Engine/Content/EngineMaterials/Widget3DPassThrough_Masked_OneSided.uexp" 875
"../../../Engine/Content/EngineMaterials/Widget3DPassThrough_Masked.uasset" 876
"../../../Engine/Content/EngineMaterials/Widget3DPassThrough_Masked.uexp" 877
"../../../Engine/Content/EngineMaterials/WeightMapPlaceholderTexture.uasset" 878
"../../../Engine/Content/EngineMaterials/WeightMapPlaceholderTexture.uexp" 879
"../../../Engine/Content/EngineMaterials/WeightMapArrayPlaceholderTexture.uasset" 880
"../../../Engine/Content/EngineMaterials/WeightMapArrayPlaceholderTexture.uexp" 881
"../../../Engine/Plugins/2D/Paper2D/Content/DefaultSpriteMaterial.uasset" 882
"../../../Engine/Plugins/2D/Paper2D/Content/DefaultSpriteMaterial.uexp" 883
"../../../Engine/Plugins/2D/Paper2D/Content/OpaqueUnlitSpriteMaterial.uasset" 884
"../../../Engine/Plugins/2D/Paper2D/Content/OpaqueUnlitSpriteMaterial.uexp" 885
"../../../Engine/Plugins/2D/Paper2D/Content/MaskedUnlitSpriteMaterial.uasset" 886
"../../../Engine/Plugins/2D/Paper2D/Content/MaskedUnlitSpriteMaterial.uexp" 887
"../../../Engine/Plugins/Animation/ControlRig/Content/Controls/ControlRig_Wedge_solid.uasset" 888
"../../../Engine/Plugins/Animation/ControlRig/Content/Controls/ControlRig_Wedge_solid.ubulk" 889
"../../../Engine/Plugins/Animation/ControlRig/Content/Controls/ControlRig_Wedge_solid.uexp" 890
"../../../Engine/Plugins/Animation/ControlRig/Content/Controls/ControlRig_Wedge_3mm.uasset" 891
"../../../Engine/Plugins/Animation/ControlRig/Content/Controls/ControlRig_Wedge_3mm.ubulk" 892
"../../../Engine/Plugins/Animation/ControlRig/Content/Controls/ControlRig_Wedge_3mm.uexp" 893
"../../../Engine/Plugins/Animation/ControlRig/Content/Controls/ControlRig_Wedge_1mm.uasset" 894
"../../../Engine/Plugins/Animation/ControlRig/Content/Controls/ControlRig_Wedge_1mm.ubulk" 895
"../../../Engine/Plugins/Animation/ControlRig/Content/Controls/ControlRig_Wedge_1mm.uexp" 896
"../../../Engine/Plugins/Animation/ControlRig/Content/Controls/ControlRig_Triangle_solid.uasset" 897
"../../../Engine/Plugins/Animation/ControlRig/Content/Controls/ControlRig_Triangle_solid.ubulk" 898
"../../../Engine/Plugins/Animation/ControlRig/Content/Controls/ControlRig_Triangle_solid.uexp" 899
"../../../Engine/Plugins/Animation/ControlRig/Content/Controls/ControlRig_Triangle_3mm.uasset" 900
"../../../Engine/Plugins/Animation/ControlRig/Content/Controls/ControlRig_Triangle_3mm.ubulk" 901
"../../../Engine/Plugins/Animation/ControlRig/Content/Controls/ControlRig_Triangle_3mm.uexp" 902
"../../../Engine/Plugins/Animation/ControlRig/Content/Controls/ControlRig_Triangle_1mm.uasset" 903
"../../../Engine/Plugins/Animation/ControlRig/Content/Controls/ControlRig_Triangle_1mm.ubulk" 904
"../../../Engine/Plugins/Animation/ControlRig/Content/Controls/ControlRig_Triangle_1mm.uexp" 905
"../../../Engine/Plugins/Animation/ControlRig/Content/Controls/ControlRig_Star4_solid.uasset" 906
"../../../Engine/Plugins/Animation/ControlRig/Content/Controls/ControlRig_Star4_solid.ubulk" 907
"../../../Engine/Plugins/Animation/ControlRig/Content/Controls/ControlRig_Star4_solid.uexp" 908
"../../../Engine/Plugins/Animation/ControlRig/Content/Controls/ControlRig_Star4_3mm.uasset" 909
"../../../Engine/Plugins/Animation/ControlRig/Content/Controls/ControlRig_Star4_3mm.ubulk" 910
"../../../Engine/Plugins/Animation/ControlRig/Content/Controls/ControlRig_Star4_3mm.uexp" 911
"../../../Engine/Plugins/Animation/ControlRig/Content/Controls/ControlRig_Star4_1mm.uasset" 912
"../../../Engine/Plugins/Animation/ControlRig/Content/Controls/ControlRig_Star4_1mm.ubulk" 913
"../../../Engine/Plugins/Animation/ControlRig/Content/Controls/ControlRig_Star4_1mm.uexp" 914
"../../../Engine/Plugins/Animation/ControlRig/Content/Controls/ControlRig_Square_solid.uasset" 915
"../../../Engine/Plugins/Animation/ControlRig/Content/Controls/ControlRig_Square_solid.ubulk" 916
"../../../Engine/Plugins/Animation/ControlRig/Content/Controls/ControlRig_Square_solid.uexp" 917
"../../../Engine/Plugins/Animation/ControlRig/Content/Controls/ControlRig_Square_3mm.uasset" 918
"../../../Engine/Plugins/Animation/ControlRig/Content/Controls/ControlRig_Square_3mm.ubulk" 919
"../../../Engine/Plugins/Animation/ControlRig/Content/Controls/ControlRig_Square_3mm.uexp" 920
"../../../Engine/Plugins/Animation/ControlRig/Content/Controls/ControlRig_Square_1mm.uasset" 921
"../../../Engine/Plugins/Animation/ControlRig/Content/Controls/ControlRig_Square_1mm.ubulk" 922
"../../../Engine/Plugins/Animation/ControlRig/Content/Controls/ControlRig_Square_1mm.uexp" 923
"../../../Engine/Plugins/Animation/ControlRig/Content/Controls/ControlRig_Sphere_solid.uasset" 924
"../../../Engine/Plugins/Animation/ControlRig/Content/Controls/ControlRig_Sphere_solid.ubulk" 925
"../../../Engine/Plugins/Animation/ControlRig/Content/Controls/ControlRig_Sphere_solid.uexp" 926
"../../../Engine/Plugins/Animation/ControlRig/Content/Controls/ControlRig_Sphere_3mm.uasset" 927
"../../../Engine/Plugins/Animation/ControlRig/Content/Controls/ControlRig_Sphere_3mm.ubulk" 928
"../../../Engine/Plugins/Animation/ControlRig/Content/Controls/ControlRig_Sphere_3mm.uexp" 929
"../../../Engine/Plugins/Animation/ControlRig/Content/Controls/ControlRig_Sphere_1mm.uasset" 930
"../../../Engine/Plugins/Animation/ControlRig/Content/Controls/ControlRig_Sphere_1mm.ubulk" 931
"../../../Engine/Plugins/Animation/ControlRig/Content/Controls/ControlRig_Sphere_1mm.uexp" 932
"../../../Engine/Plugins/Animation/ControlRig/Content/Controls/ControlRig_RoundedTriangle_solid.uasset" 933
"../../../Engine/Plugins/Animation/ControlRig/Content/Controls/ControlRig_RoundedTriangle_solid.ubulk" 934
"../../../Engine/Plugins/Animation/ControlRig/Content/Controls/ControlRig_RoundedTriangle_solid.uexp" 935
"../../../Engine/Plugins/Animation/ControlRig/Content/Controls/ControlRig_RoundedTriangle_3mm.uasset" 936
"../../../Engine/Plugins/Animation/ControlRig/Content/Controls/ControlRig_RoundedTriangle_3mm.ubulk" 937
"../../../Engine/Plugins/Animation/ControlRig/Content/Controls/ControlRig_RoundedTriangle_3mm.uexp" 938
"../../../Engine/Plugins/Animation/ControlRig/Content/Controls/ControlRig_RoundedTriangle_1mm.uasset" 939
"../../../Engine/Plugins/Animation/ControlRig/Content/Controls/ControlRig_RoundedTriangle_1mm.ubulk" 940
"../../../Engine/Plugins/Animation/ControlRig/Content/Controls/ControlRig_RoundedTriangle_1mm.uexp" 941
"../../../Engine/Plugins/Animation/ControlRig/Content/Controls/ControlRig_RoundedSquare_solid.uasset" 942
"../../../Engine/Plugins/Animation/ControlRig/Content/Controls/ControlRig_RoundedSquare_solid.ubulk" 943
"../../../Engine/Plugins/Animation/ControlRig/Content/Controls/ControlRig_RoundedSquare_solid.uexp" 944
"../../../Engine/Plugins/Animation/ControlRig/Content/Controls/ControlRig_RoundedSquare_3mm.uasset" 945
"../../../Engine/Plugins/Animation/ControlRig/Content/Controls/ControlRig_RoundedSquare_3mm.ubulk" 946
"../../../Engine/Plugins/Animation/ControlRig/Content/Controls/ControlRig_RoundedSquare_3mm.uexp" 947
"../../../Engine/Plugins/Animation/ControlRig/Content/Controls/ControlRig_RoundedSquare_1mm.uasset" 948
"../../../Engine/Plugins/Animation/ControlRig/Content/Controls/ControlRig_RoundedSquare_1mm.ubulk" 949
"../../../Engine/Plugins/Animation/ControlRig/Content/Controls/ControlRig_RoundedSquare_1mm.uexp" 950
"../../../Engine/Plugins/Animation/ControlRig/Content/Controls/ControlRig_QuarterCircle_solid.uasset" 951
"../../../Engine/Plugins/Animation/ControlRig/Content/Controls/ControlRig_QuarterCircle_solid.ubulk" 952
"../../../Engine/Plugins/Animation/ControlRig/Content/Controls/ControlRig_QuarterCircle_solid.uexp" 953
"../../../Engine/Plugins/Animation/ControlRig/Content/Controls/ControlRig_QuarterCircle_3mm.uasset" 954
"../../../Engine/Plugins/Animation/ControlRig/Content/Controls/ControlRig_QuarterCircle_3mm.ubulk" 955
"../../../Engine/Plugins/Animation/ControlRig/Content/Controls/ControlRig_QuarterCircle_3mm.uexp" 956
"../../../Engine/Plugins/Animation/ControlRig/Content/Controls/ControlRig_QuarterCircle_1mm.uasset" 957
"../../../Engine/Plugins/Animation/ControlRig/Content/Controls/ControlRig_QuarterCircle_1mm.ubulk" 958
"../../../Engine/Plugins/Animation/ControlRig/Content/Controls/ControlRig_QuarterCircle_1mm.uexp" 959
"../../../Engine/Plugins/Animation/ControlRig/Content/Controls/ControlRig_Pyramid_solid.uasset" 960
"../../../Engine/Plugins/Animation/ControlRig/Content/Controls/ControlRig_Pyramid_solid.ubulk" 961
"../../../Engine/Plugins/Animation/ControlRig/Content/Controls/ControlRig_Pyramid_solid.uexp" 962
"D:/Unreal Projects/MultiplayerGame/Content/GameLogic/BP_GameInstance.uasset" 963
"D:/Unreal Projects/MultiplayerGame/Content/GameLogic/BP_GameInstance.uexp" 964
"D:/Unreal Projects/MultiplayerGame/Content/GameLogic/Widgets/WB_MainMenu.uasset" 965
"D:/Unreal Projects/MultiplayerGame/Content/GameLogic/Widgets/WB_MainMenu.uexp" 966
"D:/Unreal Projects/MultiplayerGame/Content/Player/BP_MainMenuPlayerC.uasset" 967
"D:/Unreal Projects/MultiplayerGame/Content/Player/BP_MainMenuPlayerC.uexp" 968
"D:/Unreal Projects/MultiplayerGame/Content/Player/BP_MainMenuPlayer.uasset" 969
"D:/Unreal Projects/MultiplayerGame/Content/Player/BP_MainMenuPlayer.uexp" 970
"D:/Unreal Projects/MultiplayerGame/Content/GameLogic/BP_MainMenu.uasset" 971
"D:/Unreal Projects/MultiplayerGame/Content/GameLogic/BP_MainMenu.uexp" 972
"D:/Unreal Projects/MultiplayerGame/Content/Maps/L_MainMenu.umap" 973
"D:/Unreal Projects/MultiplayerGame/Content/Maps/L_MainMenu.uexp" 974
"../../../Engine/Content/EngineSky/T_Sky_Blue.uasset" 975
"../../../Engine/Content/EngineSky/T_Sky_Blue.ubulk" 976
"../../../Engine/Content/EngineSky/T_Sky_Blue.uexp" 977
"../../../Engine/Content/EngineSky/T_Sky_Clouds_M.uasset" 978
"../../../Engine/Content/EngineSky/T_Sky_Clouds_M.ubulk" 979
"../../../Engine/Content/EngineSky/T_Sky_Clouds_M.uexp" 980
"../../../Engine/Content/EngineSky/T_Sky_Stars.uasset" 981
"../../../Engine/Content/EngineSky/T_Sky_Stars.ubulk" 982
"../../../Engine/Content/EngineSky/T_Sky_Stars.uexp" 983
"../../../Engine/Content/EngineSky/M_Sky_Panning_Clouds2.uasset" 984
"../../../Engine/Content/EngineSky/M_Sky_Panning_Clouds2.uexp" 985
"../../../Engine/Content/EngineSky/SM_SkySphere.uasset" 986
"../../../Engine/Content/EngineSky/SM_SkySphere.ubulk" 987
"../../../Engine/Content/EngineSky/SM_SkySphere.uexp" 988
"../../../Engine/Content/EngineSky/M_SimpleSkyDome.uasset" 989
"../../../Engine/Content/EngineSky/M_SimpleSkyDome.uexp" 990
"D:/Unreal Projects/MultiplayerGame/Content/GameLogic/BP_LobbyGState.uasset" 991
"D:/Unreal Projects/MultiplayerGame/Content/GameLogic/BP_LobbyGState.uexp" 992
"D:/Unreal Projects/MultiplayerGame/Content/NewSoundEffectSourcePreset.uasset" 993
"D:/Unreal Projects/MultiplayerGame/Content/NewSoundEffectSourcePreset.uexp" 994
"D:/Unreal Projects/MultiplayerGame/Content/NewSoundEffectSourcePresetChain.uasset" 995
"D:/Unreal Projects/MultiplayerGame/Content/NewSoundEffectSourcePresetChain.uexp" 996
"D:/Unreal Projects/MultiplayerGame/Content/GameLogic/Widgets/WB_PlayerName.uasset" 997
"D:/Unreal Projects/MultiplayerGame/Content/GameLogic/Widgets/WB_PlayerName.uexp" 998
"D:/Unreal Projects/MultiplayerGame/Content/Player/Inputs/InputActions/IA_Move.uasset" 999
"D:/Unreal Projects/MultiplayerGame/Content/Player/Inputs/InputActions/IA_Move.uexp" 1000
"D:/Unreal Projects/MultiplayerGame/Content/Player/Inputs/InputActions/IA_Look.uasset" 1001
"D:/Unreal Projects/MultiplayerGame/Content/Player/Inputs/InputActions/IA_Look.uexp" 1002
"D:/Unreal Projects/MultiplayerGame/Content/Player/Inputs/InputActions/IA_Jump.uasset" 1003
"D:/Unreal Projects/MultiplayerGame/Content/Player/Inputs/InputActions/IA_Jump.uexp" 1004
"D:/Unreal Projects/MultiplayerGame/Content/Player/Inputs/InputActions/IA_Ready.uasset" 1005
"D:/Unreal Projects/MultiplayerGame/Content/Player/Inputs/InputActions/IA_Ready.uexp" 1006
"../../../Engine/Content/EngineResources/DefaultTexture.uasset" 1007
"../../../Engine/Content/EngineResources/DefaultTexture.ubulk" 1008
"../../../Engine/Content/EngineResources/DefaultTexture.uexp" 1009
"../../../Engine/Content/EngineMaterials/DefaultNormal.uasset" 1010
"../../../Engine/Content/EngineMaterials/DefaultNormal.ubulk" 1011
"../../../Engine/Content/EngineMaterials/DefaultNormal.uexp" 1012
"../../../Engine/Content/Functions/Engine_MaterialFunctions03/Procedurals/NormalFromHeightmap.uasset" 1013
"../../../Engine/Content/Functions/Engine_MaterialFunctions03/Procedurals/NormalFromHeightmap.uexp" 1014
"../../../Engine/Plugins/Interchange/Assets/Content/Functions/MF_PhongToMetalRoughness.uasset" 1015
"../../../Engine/Plugins/Interchange/Assets/Content/Functions/MF_PhongToMetalRoughness.uexp" 1016
"../../../Engine/Plugins/Interchange/Assets/Content/Materials/FBXLegacyPhongSurfaceMaterial.uasset" 1017
"../../../Engine/Plugins/Interchange/Assets/Content/Materials/FBXLegacyPhongSurfaceMaterial.uexp" 1018
"D:/Unreal Projects/MultiplayerGame/Content/Player/Model/Alpha_Body_MAT.uasset" 1019
"D:/Unreal Projects/MultiplayerGame/Content/Player/Model/Alpha_Body_MAT.uexp" 1020
"D:/Unreal Projects/MultiplayerGame/Content/Player/Model/Alpha_Joints_MAT.uasset" 1021
"D:/Unreal Projects/MultiplayerGame/Content/Player/Model/Alpha_Joints_MAT.uexp" 1022
"D:/Unreal Projects/MultiplayerGame/Content/Player/Model/Walking_Skeleton.uasset" 1023
"D:/Unreal Projects/MultiplayerGame/Content/Player/Model/Walking_Skeleton.uexp" 1024
"D:/Unreal Projects/MultiplayerGame/Content/Player/Model/Walking.uasset" 1025
"D:/Unreal Projects/MultiplayerGame/Content/Player/Model/Walking.uexp" 1026
"D:/Unreal Projects/MultiplayerGame/Content/Player/VoiceChat/SA_ProximityVoice.uasset" 1027
"D:/Unreal Projects/MultiplayerGame/Content/Player/VoiceChat/SA_ProximityVoice.uexp" 1028
"../../../Engine/Plugins/Animation/ACLPlugin/Content/ACLAnimBoneCompressionSettings.uasset" 1029
"../../../Engine/Plugins/Animation/ACLPlugin/Content/ACLAnimBoneCompressionSettings.uexp" 1030
"../../../Engine/Plugins/Animation/ACLPlugin/Content/ACLAnimCurveCompressionSettings.uasset" 1031
"../../../Engine/Plugins/Animation/ACLPlugin/Content/ACLAnimCurveCompressionSettings.uexp" 1032
"../../../Engine/Content/Animation/DefaultVariableFrameStrippingSettings.uasset" 1033
"../../../Engine/Content/Animation/DefaultVariableFrameStrippingSettings.uexp" 1034
"D:/Unreal Projects/MultiplayerGame/Content/Player/Model/Animation/Walking_Anim.uasset" 1035
"D:/Unreal Projects/MultiplayerGame/Content/Player/Model/Animation/Walking_Anim.uexp" 1036
"D:/Unreal Projects/MultiplayerGame/Content/Player/Model/Animation/Left_Strafe.uasset" 1037
"D:/Unreal Projects/MultiplayerGame/Content/Player/Model/Animation/Left_Strafe.uexp" 1038
"D:/Unreal Projects/MultiplayerGame/Content/Player/Model/Animation/Right_Strafe.uasset" 1039
"D:/Unreal Projects/MultiplayerGame/Content/Player/Model/Animation/Right_Strafe.uexp" 1040
"D:/Unreal Projects/MultiplayerGame/Content/Player/Model/Animation/Walking_Backwards.uasset" 1041
"D:/Unreal Projects/MultiplayerGame/Content/Player/Model/Animation/Walking_Backwards.uexp" 1042
"D:/Unreal Projects/MultiplayerGame/Content/Player/Model/Animation/Idle.uasset" 1043
"D:/Unreal Projects/MultiplayerGame/Content/Player/Model/Animation/Idle.uexp" 1044
"D:/Unreal Projects/MultiplayerGame/Content/Player/Model/Blueprints/BS_Walking.uasset" 1045
"D:/Unreal Projects/MultiplayerGame/Content/Player/Model/Blueprints/BS_Walking.uexp" 1046
"D:/Unreal Projects/MultiplayerGame/Content/Player/Model/SoundEffects/SW_SoftFootStep.uasset" 1047
"D:/Unreal Projects/MultiplayerGame/Content/Player/Model/SoundEffects/SW_SoftFootStep.ubulk" 1048
"D:/Unreal Projects/MultiplayerGame/Content/Player/Model/SoundEffects/SW_SoftFootStep.uexp" 1049
"D:/Unreal Projects/MultiplayerGame/Content/Player/Model/Animation/Falling_To_Landing.uasset" 1050
"D:/Unreal Projects/MultiplayerGame/Content/Player/Model/Animation/Falling_To_Landing.uexp" 1051
"D:/Unreal Projects/MultiplayerGame/Content/Player/Model/Animation/Falling_Idle__1_.uasset" 1052
"D:/Unreal Projects/MultiplayerGame/Content/Player/Model/Animation/Falling_Idle__1_.uexp" 1053
"D:/Unreal Projects/MultiplayerGame/Content/Player/Model/Animation/Jumping_Up.uasset" 1054
"D:/Unreal Projects/MultiplayerGame/Content/Player/Model/Animation/Jumping_Up.uexp" 1055
"D:/Unreal Projects/MultiplayerGame/Content/Player/Model/Blueprints/AB_PlayerInLobby.uasset" 1056
"D:/Unreal Projects/MultiplayerGame/Content/Player/Model/Blueprints/AB_PlayerInLobby.uexp" 1057
"D:/Unreal Projects/MultiplayerGame/Content/Player/BP_LobbyPlayer.uasset" 1058
"D:/Unreal Projects/MultiplayerGame/Content/Player/BP_LobbyPlayer.uexp" 1059
"D:/Unreal Projects/MultiplayerGame/Content/Player/BP_LobbyPState.uasset" 1060
"D:/Unreal Projects/MultiplayerGame/Content/Player/BP_LobbyPState.uexp" 1061
"D:/Unreal Projects/MultiplayerGame/Content/GameLogic/Widgets/AssetWidgets/WB_ListObject.uasset" 1062
"D:/Unreal Projects/MultiplayerGame/Content/GameLogic/Widgets/AssetWidgets/WB_ListObject.uexp" 1063
"D:/Unreal Projects/MultiplayerGame/Content/GameLogic/Widgets/WB_ReadyUpScreen.uasset" 1064
"D:/Unreal Projects/MultiplayerGame/Content/GameLogic/Widgets/WB_ReadyUpScreen.uexp" 1065
"D:/Unreal Projects/MultiplayerGame/Content/Player/Inputs/IAC_Lobby.uasset" 1066
"D:/Unreal Projects/MultiplayerGame/Content/Player/Inputs/IAC_Lobby.uexp" 1067
"D:/Unreal Projects/MultiplayerGame/Content/Player/BP_LobbyPlayerC.uasset" 1068
"D:/Unreal Projects/MultiplayerGame/Content/Player/BP_LobbyPlayerC.uexp" 1069
"D:/Unreal Projects/MultiplayerGame/Content/GameLogic/BP_Lobby.uasset" 1070
"D:/Unreal Projects/MultiplayerGame/Content/GameLogic/BP_Lobby.uexp" 1071
"../../../Engine/Content/Functions/Engine_MaterialFunctions02/Utility/BreakOutFloat4Components.uasset" 1072
"../../../Engine/Content/Functions/Engine_MaterialFunctions02/Utility/BreakOutFloat4Components.uexp" 1073
"../../../Engine/Content/Functions/Engine_MaterialFunctions02/Utility/MakeFloat4.uasset" 1074
"../../../Engine/Content/Functions/Engine_MaterialFunctions02/Utility/MakeFloat4.uexp" 1075
"../../../Engine/Content/EngineResources/DefaultVolumeTexture2D.uasset" 1076
"../../../Engine/Content/EngineResources/DefaultVolumeTexture2D.uexp" 1077
"../../../Engine/Content/EngineResources/DefaultVolumeTexture.uasset" 1078
"../../../Engine/Content/EngineResources/DefaultVolumeTexture.uexp" 1079
"../../../Engine/Content/EngineSky/VolumetricClouds/VT_Lightning.uasset" 1080
"../../../Engine/Content/EngineSky/VolumetricClouds/VT_Lightning.uexp" 1081
"../../../Engine/Content/Functions/Engine_MaterialFunctions01/Units/Km-to-Cm.uasset" 1082
"../../../Engine/Content/Functions/Engine_MaterialFunctions01/Units/Km-to-Cm.uexp" 1083
"../../../Engine/Content/EngineSky/VolumetricClouds/m_SimpleVolumetricCloud.uasset" 1084
"../../../Engine/Content/EngineSky/VolumetricClouds/m_SimpleVolumetricCloud.uexp" 1085
"../../../Engine/Content/EngineSky/VolumetricClouds/T_CloudMask.uasset" 1086
"../../../Engine/Content/EngineSky/VolumetricClouds/T_CloudMask.ubulk" 1087
"../../../Engine/Content/EngineSky/VolumetricClouds/T_CloudMask.uexp" 1088
"../../../Engine/Content/EngineSky/VolumetricClouds/T_CloudPattern.uasset" 1089
"../../../Engine/Content/EngineSky/VolumetricClouds/T_CloudPattern.ubulk" 1090
"../../../Engine/Content/EngineSky/VolumetricClouds/T_CloudPattern.uexp" 1091
"../../../Engine/Content/EngineSky/VolumetricClouds/T_Profile_08.uasset" 1092
"../../../Engine/Content/EngineSky/VolumetricClouds/T_Profile_08.ubulk" 1093
"../../../Engine/Content/EngineSky/VolumetricClouds/T_Profile_08.uexp" 1094
"../../../Engine/Content/EngineSky/VolumetricClouds/VT_PerlinWorley_Balanced.uasset" 1095
"../../../Engine/Content/EngineSky/VolumetricClouds/VT_PerlinWorley_Balanced.uexp" 1096
"../../../Engine/Content/EngineSky/VolumetricClouds/m_SimpleVolumetricCloud_Inst.uasset" 1097
"../../../Engine/Content/EngineSky/VolumetricClouds/m_SimpleVolumetricCloud_Inst.uexp" 1098
"../../../Engine/Content/Functions/Engine_MaterialFunctions01/Shading/ConvertFromDiffSpec.uasset" 1099
"../../../Engine/Content/Functions/Engine_MaterialFunctions01/Shading/ConvertFromDiffSpec.uexp" 1100
"../../../Engine/Content/MaterialTemplates/VertexAnimation/AdvancedFlag.uasset" 1101
"../../../Engine/Content/MaterialTemplates/VertexAnimation/AdvancedFlag.uexp" 1102
"D:/Unreal Projects/MultiplayerGame/Content/Player/VoiceChat/ReverbLoud.uasset" 1103
"D:/Unreal Projects/MultiplayerGame/Content/Player/VoiceChat/ReverbLoud.uexp" 1104
"D:/Unreal Projects/MultiplayerGame/Content/Maps/_GENERATED/stanl/CubeGridToolOutput_84B50034.uasset" 1105
"D:/Unreal Projects/MultiplayerGame/Content/Maps/_GENERATED/stanl/CubeGridToolOutput_84B50034.ubulk" 1106
"D:/Unreal Projects/MultiplayerGame/Content/Maps/_GENERATED/stanl/CubeGridToolOutput_84B50034.uexp" 1107
"D:/Unreal Projects/MultiplayerGame/Content/Maps/L_Lobby.umap" 1108
"D:/Unreal Projects/MultiplayerGame/Content/Maps/L_Lobby.uexp" 1109
"../../../Engine/Content/Maps/Entry_BuiltData.uasset" 1110
"../../../Engine/Content/Maps/Entry_BuiltData.uexp" 1111
"../../../Engine/Content/Maps/Entry.umap" 1112
"../../../Engine/Content/Maps/Entry.uexp" 1113
